[    0.000000] Initializing cgroup subsys cpuset
[    0.000000] Initializing cgroup subsys cpu
[    0.000000] Initializing cgroup subsys cpuacct
[    0.000000] Linux version 3.10.0-862.9.1.el7.x86_64 (builder@kbuilder.dev.centos.org) (gcc version 4.8.5 20150623 (Red Hat 4.8.5-28) (GCC) ) #1 SMP Mon Jul 16 16:29:36 UTC 2018
[    0.000000] Command line: BOOT_IMAGE=/vmlinuz-3.10.0-862.9.1.el7.x86_64 root=/dev/mapper/centos-root ro crashkernel=auto rd.lvm.lv=centos/root rd.lvm.lv=centos/swap rhgb console=tty0 console=ttyS1
[    0.000000] Disabled fast string operations
[    0.000000] e820: BIOS-provided physical RAM map:
[    0.000000] BIOS-e820: [mem 0x0000000000000000-0x000000000009ebff] usable
[    0.000000] BIOS-e820: [mem 0x000000000009ec00-0x000000000009ffff] reserved
[    0.000000] BIOS-e820: [mem 0x00000000000dc000-0x00000000000fffff] reserved
[    0.000000] BIOS-e820: [mem 0x0000000000100000-0x000000003fedffff] usable
[    0.000000] BIOS-e820: [mem 0x000000003fee0000-0x000000003fefefff] ACPI data
[    0.000000] BIOS-e820: [mem 0x000000003feff000-0x000000003fefffff] ACPI NVS
[    0.000000] BIOS-e820: [mem 0x000000003ff00000-0x000000003fffffff] usable
[    0.000000] BIOS-e820: [mem 0x00000000f0000000-0x00000000f7ffffff] reserved
[    0.000000] BIOS-e820: [mem 0x00000000fec00000-0x00000000fec0ffff] reserved
[    0.000000] BIOS-e820: [mem 0x00000000fee00000-0x00000000fee00fff] reserved
[    0.000000] BIOS-e820: [mem 0x00000000fffe0000-0x00000000ffffffff] reserved
[    0.000000] NX (Execute Disable) protection: active
[    0.000000] SMBIOS 2.7 present.
[    0.000000] DMI: VMware, Inc. VMware Virtual Platform/440BX Desktop Reference Platform, BIOS 6.00 04/13/2018
[    0.000000] Hypervisor detected: VMware
[    0.000000] Host bus clock speed read from hypervisor : 66000000 Hz
[    0.000000] e820: update [mem 0x00000000-0x00000fff] usable ==> reserved
[    0.000000] e820: remove [mem 0x000a0000-0x000fffff] usable
[    0.000000] e820: last_pfn = 0x40000 max_arch_pfn = 0x400000000
[    0.000000] MTRR default type: uncachable
[    0.000000] MTRR fixed ranges enabled:
[    0.000000]   00000-9FFFF write-back
[    0.000000]   A0000-BFFFF uncachable
[    0.000000]   C0000-CBFFF write-protect
[    0.000000]   CC000-EFFFF uncachable
[    0.000000]   F0000-FFFFF write-protect
[    0.000000] MTRR variable ranges enabled:
[    0.000000]   0 base 00000000000 mask 7FF00000000 write-back
[    0.000000]   1 base 000C0000000 mask 7FFC0000000 uncachable
[    0.000000]   2 disabled
[    0.000000]   3 disabled
[    0.000000]   4 disabled
[    0.000000]   5 disabled
[    0.000000]   6 disabled
[    0.000000]   7 disabled
[    0.000000] PAT configuration [0-7]: WB  WC  UC- UC  WB  WP  UC- UC  
[    0.000000] original variable MTRRs
[    0.000000] reg 0, base: 0GB, range: 4GB, type WB
[    0.000000] reg 1, base: 3GB, range: 1GB, type UC
[    0.000000] total RAM covered: 3072M
[    0.000000] Found optimal setting for mtrr clean up
[    0.000000]  gran_size: 64K 	chunk_size: 64K 	num_reg: 2  	lose cover RAM: 0G
[    0.000000] New variable MTRRs
[    0.000000] reg 0, base: 0GB, range: 2GB, type WB
[    0.000000] reg 1, base: 2GB, range: 1GB, type WB
[    0.000000] found SMP MP-table at [mem 0x000f6a80-0x000f6a8f] mapped at [ffffffffff200a80]
[    0.000000] Base memory trampoline at [ffff8b6040098000] 98000 size 24576
[    0.000000] Using GB pages for direct mapping
[    0.000000] BRK [0x3842f000, 0x3842ffff] PGTABLE
[    0.000000] BRK [0x38430000, 0x38430fff] PGTABLE
[    0.000000] BRK [0x38431000, 0x38431fff] PGTABLE
[    0.000000] BRK [0x38432000, 0x38432fff] PGTABLE
[    0.000000] BRK [0x38433000, 0x38433fff] PGTABLE
[    0.000000] RAMDISK: [mem 0x3439c000-0x361c5fff]
[    0.000000] Early table checksum verification disabled
[    0.000000] ACPI: RSDP 00000000000f6a10 00024 (v02 PTLTD )
[    0.000000] ACPI: XSDT 000000003fee965b 0005C (v01 INTEL  440BX    06040000 VMW  01324272)
[    0.000000] ACPI: FACP 000000003fefee73 000F4 (v04 INTEL  440BX    06040000 PTL  000F4240)
[    0.000000] ACPI: DSDT 000000003feeaff8 13E7B (v01 PTLTD  Custom   06040000 MSFT 03000001)
[    0.000000] ACPI: FACS 000000003fefffc0 00040
[    0.000000] ACPI: BOOT 000000003feeafd0 00028 (v01 PTLTD  $SBFTBL$ 06040000  LTP 00000001)
[    0.000000] ACPI: APIC 000000003feea88e 00742 (v01 PTLTD  ? APIC   06040000  LTP 00000000)
[    0.000000] ACPI: MCFG 000000003feea852 0003C (v01 PTLTD  $PCITBL$ 06040000  LTP 00000001)
[    0.000000] ACPI: SRAT 000000003fee9757 008A8 (v02 VMWARE MEMPLUG  06040000 VMW  00000001)
[    0.000000] ACPI: HPET 000000003fee971f 00038 (v01 VMWARE VMW HPET 06040000 VMW  00000001)
[    0.000000] ACPI: WAET 000000003fee96f7 00028 (v01 VMWARE VMW WAET 06040000 VMW  00000001)
[    0.000000] ACPI: Local APIC address 0xfee00000
[    0.000000] system APIC only can use physical flat
[    0.000000] Setting APIC routing to physical flat.
[    0.000000] SRAT: PXM 0 -> APIC 0x00 -> Node 0
[    0.000000] SRAT: PXM 0 -> APIC 0x02 -> Node 0
[    0.000000] SRAT: PXM 0 -> APIC 0x04 -> Node 0
[    0.000000] SRAT: PXM 0 -> APIC 0x06 -> Node 0
[    0.000000] SRAT: PXM 0 -> APIC 0x08 -> Node 0
[    0.000000] SRAT: PXM 0 -> APIC 0x0a -> Node 0
[    0.000000] SRAT: PXM 0 -> APIC 0x0c -> Node 0
[    0.000000] SRAT: PXM 0 -> APIC 0x0e -> Node 0
[    0.000000] SRAT: PXM 0 -> APIC 0x10 -> Node 0
[    0.000000] SRAT: PXM 0 -> APIC 0x12 -> Node 0
[    0.000000] SRAT: PXM 0 -> APIC 0x14 -> Node 0
[    0.000000] SRAT: PXM 0 -> APIC 0x16 -> Node 0
[    0.000000] SRAT: PXM 0 -> APIC 0x18 -> Node 0
[    0.000000] SRAT: PXM 0 -> APIC 0x1a -> Node 0
[    0.000000] SRAT: PXM 0 -> APIC 0x1c -> Node 0
[    0.000000] SRAT: PXM 0 -> APIC 0x1e -> Node 0
[    0.000000] SRAT: PXM 0 -> APIC 0x20 -> Node 0
[    0.000000] SRAT: PXM 0 -> APIC 0x22 -> Node 0
[    0.000000] SRAT: PXM 0 -> APIC 0x24 -> Node 0
[    0.000000] SRAT: PXM 0 -> APIC 0x26 -> Node 0
[    0.000000] SRAT: PXM 0 -> APIC 0x28 -> Node 0
[    0.000000] SRAT: PXM 0 -> APIC 0x2a -> Node 0
[    0.000000] SRAT: PXM 0 -> APIC 0x2c -> Node 0
[    0.000000] SRAT: PXM 0 -> APIC 0x2e -> Node 0
[    0.000000] SRAT: PXM 0 -> APIC 0x30 -> Node 0
[    0.000000] SRAT: PXM 0 -> APIC 0x32 -> Node 0
[    0.000000] SRAT: PXM 0 -> APIC 0x34 -> Node 0
[    0.000000] SRAT: PXM 0 -> APIC 0x36 -> Node 0
[    0.000000] SRAT: PXM 0 -> APIC 0x38 -> Node 0
[    0.000000] SRAT: PXM 0 -> APIC 0x3a -> Node 0
[    0.000000] SRAT: PXM 0 -> APIC 0x3c -> Node 0
[    0.000000] SRAT: PXM 0 -> APIC 0x3e -> Node 0
[    0.000000] SRAT: PXM 0 -> APIC 0x40 -> Node 0
[    0.000000] SRAT: PXM 0 -> APIC 0x42 -> Node 0
[    0.000000] SRAT: PXM 0 -> APIC 0x44 -> Node 0
[    0.000000] SRAT: PXM 0 -> APIC 0x46 -> Node 0
[    0.000000] SRAT: PXM 0 -> APIC 0x48 -> Node 0
[    0.000000] SRAT: PXM 0 -> APIC 0x4a -> Node 0
[    0.000000] SRAT: PXM 0 -> APIC 0x4c -> Node 0
[    0.000000] SRAT: PXM 0 -> APIC 0x4e -> Node 0
[    0.000000] SRAT: PXM 0 -> APIC 0x50 -> Node 0
[    0.000000] SRAT: PXM 0 -> APIC 0x52 -> Node 0
[    0.000000] SRAT: PXM 0 -> APIC 0x54 -> Node 0
[    0.000000] SRAT: PXM 0 -> APIC 0x56 -> Node 0
[    0.000000] SRAT: PXM 0 -> APIC 0x58 -> Node 0
[    0.000000] SRAT: PXM 0 -> APIC 0x5a -> Node 0
[    0.000000] SRAT: PXM 0 -> APIC 0x5c -> Node 0
[    0.000000] SRAT: PXM 0 -> APIC 0x5e -> Node 0
[    0.000000] SRAT: PXM 0 -> APIC 0x60 -> Node 0
[    0.000000] SRAT: PXM 0 -> APIC 0x62 -> Node 0
[    0.000000] SRAT: PXM 0 -> APIC 0x64 -> Node 0
[    0.000000] SRAT: PXM 0 -> APIC 0x66 -> Node 0
[    0.000000] SRAT: PXM 0 -> APIC 0x68 -> Node 0
[    0.000000] SRAT: PXM 0 -> APIC 0x6a -> Node 0
[    0.000000] SRAT: PXM 0 -> APIC 0x6c -> Node 0
[    0.000000] SRAT: PXM 0 -> APIC 0x6e -> Node 0
[    0.000000] SRAT: PXM 0 -> APIC 0x70 -> Node 0
[    0.000000] SRAT: PXM 0 -> APIC 0x72 -> Node 0
[    0.000000] SRAT: PXM 0 -> APIC 0x74 -> Node 0
[    0.000000] SRAT: PXM 0 -> APIC 0x76 -> Node 0
[    0.000000] SRAT: PXM 0 -> APIC 0x78 -> Node 0
[    0.000000] SRAT: PXM 0 -> APIC 0x7a -> Node 0
[    0.000000] SRAT: PXM 0 -> APIC 0x7c -> Node 0
[    0.000000] SRAT: PXM 0 -> APIC 0x7e -> Node 0
[    0.000000] SRAT: PXM 0 -> APIC 0x80 -> Node 0
[    0.000000] SRAT: PXM 0 -> APIC 0x82 -> Node 0
[    0.000000] SRAT: PXM 0 -> APIC 0x84 -> Node 0
[    0.000000] SRAT: PXM 0 -> APIC 0x86 -> Node 0
[    0.000000] SRAT: PXM 0 -> APIC 0x88 -> Node 0
[    0.000000] SRAT: PXM 0 -> APIC 0x8a -> Node 0
[    0.000000] SRAT: PXM 0 -> APIC 0x8c -> Node 0
[    0.000000] SRAT: PXM 0 -> APIC 0x8e -> Node 0
[    0.000000] SRAT: PXM 0 -> APIC 0x90 -> Node 0
[    0.000000] SRAT: PXM 0 -> APIC 0x92 -> Node 0
[    0.000000] SRAT: PXM 0 -> APIC 0x94 -> Node 0
[    0.000000] SRAT: PXM 0 -> APIC 0x96 -> Node 0
[    0.000000] SRAT: PXM 0 -> APIC 0x98 -> Node 0
[    0.000000] SRAT: PXM 0 -> APIC 0x9a -> Node 0
[    0.000000] SRAT: PXM 0 -> APIC 0x9c -> Node 0
[    0.000000] SRAT: PXM 0 -> APIC 0x9e -> Node 0
[    0.000000] SRAT: PXM 0 -> APIC 0xa0 -> Node 0
[    0.000000] SRAT: PXM 0 -> APIC 0xa2 -> Node 0
[    0.000000] SRAT: PXM 0 -> APIC 0xa4 -> Node 0
[    0.000000] SRAT: PXM 0 -> APIC 0xa6 -> Node 0
[    0.000000] SRAT: PXM 0 -> APIC 0xa8 -> Node 0
[    0.000000] SRAT: PXM 0 -> APIC 0xaa -> Node 0
[    0.000000] SRAT: PXM 0 -> APIC 0xac -> Node 0
[    0.000000] SRAT: PXM 0 -> APIC 0xae -> Node 0
[    0.000000] SRAT: PXM 0 -> APIC 0xb0 -> Node 0
[    0.000000] SRAT: PXM 0 -> APIC 0xb2 -> Node 0
[    0.000000] SRAT: PXM 0 -> APIC 0xb4 -> Node 0
[    0.000000] SRAT: PXM 0 -> APIC 0xb6 -> Node 0
[    0.000000] SRAT: PXM 0 -> APIC 0xb8 -> Node 0
[    0.000000] SRAT: PXM 0 -> APIC 0xba -> Node 0
[    0.000000] SRAT: PXM 0 -> APIC 0xbc -> Node 0
[    0.000000] SRAT: PXM 0 -> APIC 0xbe -> Node 0
[    0.000000] SRAT: PXM 0 -> APIC 0xc0 -> Node 0
[    0.000000] SRAT: PXM 0 -> APIC 0xc2 -> Node 0
[    0.000000] SRAT: PXM 0 -> APIC 0xc4 -> Node 0
[    0.000000] SRAT: PXM 0 -> APIC 0xc6 -> Node 0
[    0.000000] SRAT: PXM 0 -> APIC 0xc8 -> Node 0
[    0.000000] SRAT: PXM 0 -> APIC 0xca -> Node 0
[    0.000000] SRAT: PXM 0 -> APIC 0xcc -> Node 0
[    0.000000] SRAT: PXM 0 -> APIC 0xce -> Node 0
[    0.000000] SRAT: PXM 0 -> APIC 0xd0 -> Node 0
[    0.000000] SRAT: PXM 0 -> APIC 0xd2 -> Node 0
[    0.000000] SRAT: PXM 0 -> APIC 0xd4 -> Node 0
[    0.000000] SRAT: PXM 0 -> APIC 0xd6 -> Node 0
[    0.000000] SRAT: PXM 0 -> APIC 0xd8 -> Node 0
[    0.000000] SRAT: PXM 0 -> APIC 0xda -> Node 0
[    0.000000] SRAT: PXM 0 -> APIC 0xdc -> Node 0
[    0.000000] SRAT: PXM 0 -> APIC 0xde -> Node 0
[    0.000000] SRAT: PXM 0 -> APIC 0xe0 -> Node 0
[    0.000000] SRAT: PXM 0 -> APIC 0xe2 -> Node 0
[    0.000000] SRAT: PXM 0 -> APIC 0xe4 -> Node 0
[    0.000000] SRAT: PXM 0 -> APIC 0xe6 -> Node 0
[    0.000000] SRAT: PXM 0 -> APIC 0xe8 -> Node 0
[    0.000000] SRAT: PXM 0 -> APIC 0xea -> Node 0
[    0.000000] SRAT: PXM 0 -> APIC 0xec -> Node 0
[    0.000000] SRAT: PXM 0 -> APIC 0xee -> Node 0
[    0.000000] SRAT: PXM 0 -> APIC 0xf0 -> Node 0
[    0.000000] SRAT: PXM 0 -> APIC 0xf2 -> Node 0
[    0.000000] SRAT: PXM 0 -> APIC 0xf4 -> Node 0
[    0.000000] SRAT: PXM 0 -> APIC 0xf6 -> Node 0
[    0.000000] SRAT: PXM 0 -> APIC 0xf8 -> Node 0
[    0.000000] SRAT: PXM 0 -> APIC 0xfa -> Node 0
[    0.000000] SRAT: PXM 0 -> APIC 0xfc -> Node 0
[    0.000000] SRAT: PXM 0 -> APIC 0xfe -> Node 0
[    0.000000] SRAT: Node 0 PXM 0 [mem 0x00000000-0x0009ffff]
[    0.000000] SRAT: Node 0 PXM 0 [mem 0x00100000-0x3fffffff]
[    0.000000] SRAT: Node 0 PXM 0 [mem 0x40000000-0xbfffffff] hotplug
[    0.000000] NUMA: Node 0 [mem 0x00000000-0x0009ffff] + [mem 0x00100000-0x3fffffff] -> [mem 0x00000000-0x3fffffff]
[    0.000000] NODE_DATA(0) allocated [mem 0x3ffd9000-0x3fffffff]
[    0.000000] crashkernel=auto resulted in zero bytes of reserved memory.
[    0.000000] Zone ranges:
[    0.000000]   DMA      [mem 0x00001000-0x00ffffff]
[    0.000000]   DMA32    [mem 0x01000000-0xffffffff]
[    0.000000]   Normal   empty
[    0.000000] Movable zone start for each node
[    0.000000] Early memory node ranges
[    0.000000]   node   0: [mem 0x00001000-0x0009dfff]
[    0.000000]   node   0: [mem 0x00100000-0x3fedffff]
[    0.000000]   node   0: [mem 0x3ff00000-0x3fffffff]
[    0.000000] Initmem setup node 0 [mem 0x00001000-0x3fffffff]
[    0.000000] On node 0 totalpages: 262013
[    0.000000]   DMA zone: 64 pages used for memmap
[    0.000000]   DMA zone: 21 pages reserved
[    0.000000]   DMA zone: 3997 pages, LIFO batch:0
[    0.000000]   DMA32 zone: 4032 pages used for memmap
[    0.000000]   DMA32 zone: 258016 pages, LIFO batch:31
[    0.000000] ACPI: PM-Timer IO Port: 0x1008
[    0.000000] ACPI: Local APIC address 0xfee00000
[    0.000000] system APIC only can use physical flat
[    0.000000] ACPI: LAPIC (acpi_id[0x00] lapic_id[0x00] enabled)
[    0.000000] ACPI: LAPIC (acpi_id[0x01] lapic_id[0x02] disabled)
[    0.000000] ACPI: LAPIC (acpi_id[0x02] lapic_id[0x04] disabled)
[    0.000000] ACPI: LAPIC (acpi_id[0x03] lapic_id[0x06] disabled)
[    0.000000] ACPI: LAPIC (acpi_id[0x04] lapic_id[0x08] disabled)
[    0.000000] ACPI: LAPIC (acpi_id[0x05] lapic_id[0x0a] disabled)
[    0.000000] ACPI: LAPIC (acpi_id[0x06] lapic_id[0x0c] disabled)
[    0.000000] ACPI: LAPIC (acpi_id[0x07] lapic_id[0x0e] disabled)
[    0.000000] ACPI: LAPIC (acpi_id[0x08] lapic_id[0x10] disabled)
[    0.000000] ACPI: LAPIC (acpi_id[0x09] lapic_id[0x12] disabled)
[    0.000000] ACPI: LAPIC (acpi_id[0x0a] lapic_id[0x14] disabled)
[    0.000000] ACPI: LAPIC (acpi_id[0x0b] lapic_id[0x16] disabled)
[    0.000000] ACPI: LAPIC (acpi_id[0x0c] lapic_id[0x18] disabled)
[    0.000000] ACPI: LAPIC (acpi_id[0x0d] lapic_id[0x1a] disabled)
[    0.000000] ACPI: LAPIC (acpi_id[0x0e] lapic_id[0x1c] disabled)
[    0.000000] ACPI: LAPIC (acpi_id[0x0f] lapic_id[0x1e] disabled)
[    0.000000] ACPI: LAPIC (acpi_id[0x10] lapic_id[0x20] disabled)
[    0.000000] ACPI: LAPIC (acpi_id[0x11] lapic_id[0x22] disabled)
[    0.000000] ACPI: LAPIC (acpi_id[0x12] lapic_id[0x24] disabled)
[    0.000000] ACPI: LAPIC (acpi_id[0x13] lapic_id[0x26] disabled)
[    0.000000] ACPI: LAPIC (acpi_id[0x14] lapic_id[0x28] disabled)
[    0.000000] ACPI: LAPIC (acpi_id[0x15] lapic_id[0x2a] disabled)
[    0.000000] ACPI: LAPIC (acpi_id[0x16] lapic_id[0x2c] disabled)
[    0.000000] ACPI: LAPIC (acpi_id[0x17] lapic_id[0x2e] disabled)
[    0.000000] ACPI: LAPIC (acpi_id[0x18] lapic_id[0x30] disabled)
[    0.000000] ACPI: LAPIC (acpi_id[0x19] lapic_id[0x32] disabled)
[    0.000000] ACPI: LAPIC (acpi_id[0x1a] lapic_id[0x34] disabled)
[    0.000000] ACPI: LAPIC (acpi_id[0x1b] lapic_id[0x36] disabled)
[    0.000000] ACPI: LAPIC (acpi_id[0x1c] lapic_id[0x38] disabled)
[    0.000000] ACPI: LAPIC (acpi_id[0x1d] lapic_id[0x3a] disabled)
[    0.000000] ACPI: LAPIC (acpi_id[0x1e] lapic_id[0x3c] disabled)
[    0.000000] ACPI: LAPIC (acpi_id[0x1f] lapic_id[0x3e] disabled)
[    0.000000] ACPI: LAPIC (acpi_id[0x20] lapic_id[0x40] disabled)
[    0.000000] ACPI: LAPIC (acpi_id[0x21] lapic_id[0x42] disabled)
[    0.000000] ACPI: LAPIC (acpi_id[0x22] lapic_id[0x44] disabled)
[    0.000000] ACPI: LAPIC (acpi_id[0x23] lapic_id[0x46] disabled)
[    0.000000] ACPI: LAPIC (acpi_id[0x24] lapic_id[0x48] disabled)
[    0.000000] ACPI: LAPIC (acpi_id[0x25] lapic_id[0x4a] disabled)
[    0.000000] ACPI: LAPIC (acpi_id[0x26] lapic_id[0x4c] disabled)
[    0.000000] ACPI: LAPIC (acpi_id[0x27] lapic_id[0x4e] disabled)
[    0.000000] ACPI: LAPIC (acpi_id[0x28] lapic_id[0x50] disabled)
[    0.000000] ACPI: LAPIC (acpi_id[0x29] lapic_id[0x52] disabled)
[    0.000000] ACPI: LAPIC (acpi_id[0x2a] lapic_id[0x54] disabled)
[    0.000000] ACPI: LAPIC (acpi_id[0x2b] lapic_id[0x56] disabled)
[    0.000000] ACPI: LAPIC (acpi_id[0x2c] lapic_id[0x58] disabled)
[    0.000000] ACPI: LAPIC (acpi_id[0x2d] lapic_id[0x5a] disabled)
[    0.000000] ACPI: LAPIC (acpi_id[0x2e] lapic_id[0x5c] disabled)
[    0.000000] ACPI: LAPIC (acpi_id[0x2f] lapic_id[0x5e] disabled)
[    0.000000] ACPI: LAPIC (acpi_id[0x30] lapic_id[0x60] disabled)
[    0.000000] ACPI: LAPIC (acpi_id[0x31] lapic_id[0x62] disabled)
[    0.000000] ACPI: LAPIC (acpi_id[0x32] lapic_id[0x64] disabled)
[    0.000000] ACPI: LAPIC (acpi_id[0x33] lapic_id[0x66] disabled)
[    0.000000] ACPI: LAPIC (acpi_id[0x34] lapic_id[0x68] disabled)
[    0.000000] ACPI: LAPIC (acpi_id[0x35] lapic_id[0x6a] disabled)
[    0.000000] ACPI: LAPIC (acpi_id[0x36] lapic_id[0x6c] disabled)
[    0.000000] ACPI: LAPIC (acpi_id[0x37] lapic_id[0x6e] disabled)
[    0.000000] ACPI: LAPIC (acpi_id[0x38] lapic_id[0x70] disabled)
[    0.000000] ACPI: LAPIC (acpi_id[0x39] lapic_id[0x72] disabled)
[    0.000000] ACPI: LAPIC (acpi_id[0x3a] lapic_id[0x74] disabled)
[    0.000000] ACPI: LAPIC (acpi_id[0x3b] lapic_id[0x76] disabled)
[    0.000000] ACPI: LAPIC (acpi_id[0x3c] lapic_id[0x78] disabled)
[    0.000000] ACPI: LAPIC (acpi_id[0x3d] lapic_id[0x7a] disabled)
[    0.000000] ACPI: LAPIC (acpi_id[0x3e] lapic_id[0x7c] disabled)
[    0.000000] ACPI: LAPIC (acpi_id[0x3f] lapic_id[0x7e] disabled)
[    0.000000] ACPI: LAPIC (acpi_id[0x40] lapic_id[0x80] disabled)
[    0.000000] ACPI: LAPIC (acpi_id[0x41] lapic_id[0x82] disabled)
[    0.000000] ACPI: LAPIC (acpi_id[0x42] lapic_id[0x84] disabled)
[    0.000000] ACPI: LAPIC (acpi_id[0x43] lapic_id[0x86] disabled)
[    0.000000] ACPI: LAPIC (acpi_id[0x44] lapic_id[0x88] disabled)
[    0.000000] ACPI: LAPIC (acpi_id[0x45] lapic_id[0x8a] disabled)
[    0.000000] ACPI: LAPIC (acpi_id[0x46] lapic_id[0x8c] disabled)
[    0.000000] ACPI: LAPIC (acpi_id[0x47] lapic_id[0x8e] disabled)
[    0.000000] ACPI: LAPIC (acpi_id[0x48] lapic_id[0x90] disabled)
[    0.000000] ACPI: LAPIC (acpi_id[0x49] lapic_id[0x92] disabled)
[    0.000000] ACPI: LAPIC (acpi_id[0x4a] lapic_id[0x94] disabled)
[    0.000000] ACPI: LAPIC (acpi_id[0x4b] lapic_id[0x96] disabled)
[    0.000000] ACPI: LAPIC (acpi_id[0x4c] lapic_id[0x98] disabled)
[    0.000000] ACPI: LAPIC (acpi_id[0x4d] lapic_id[0x9a] disabled)
[    0.000000] ACPI: LAPIC (acpi_id[0x4e] lapic_id[0x9c] disabled)
[    0.000000] ACPI: LAPIC (acpi_id[0x4f] lapic_id[0x9e] disabled)
[    0.000000] ACPI: LAPIC (acpi_id[0x50] lapic_id[0xa0] disabled)
[    0.000000] ACPI: LAPIC (acpi_id[0x51] lapic_id[0xa2] disabled)
[    0.000000] ACPI: LAPIC (acpi_id[0x52] lapic_id[0xa4] disabled)
[    0.000000] ACPI: LAPIC (acpi_id[0x53] lapic_id[0xa6] disabled)
[    0.000000] ACPI: LAPIC (acpi_id[0x54] lapic_id[0xa8] disabled)
[    0.000000] ACPI: LAPIC (acpi_id[0x55] lapic_id[0xaa] disabled)
[    0.000000] ACPI: LAPIC (acpi_id[0x56] lapic_id[0xac] disabled)
[    0.000000] ACPI: LAPIC (acpi_id[0x57] lapic_id[0xae] disabled)
[    0.000000] ACPI: LAPIC (acpi_id[0x58] lapic_id[0xb0] disabled)
[    0.000000] ACPI: LAPIC (acpi_id[0x59] lapic_id[0xb2] disabled)
[    0.000000] ACPI: LAPIC (acpi_id[0x5a] lapic_id[0xb4] disabled)
[    0.000000] ACPI: LAPIC (acpi_id[0x5b] lapic_id[0xb6] disabled)
[    0.000000] ACPI: LAPIC (acpi_id[0x5c] lapic_id[0xb8] disabled)
[    0.000000] ACPI: LAPIC (acpi_id[0x5d] lapic_id[0xba] disabled)
[    0.000000] ACPI: LAPIC (acpi_id[0x5e] lapic_id[0xbc] disabled)
[    0.000000] ACPI: LAPIC (acpi_id[0x5f] lapic_id[0xbe] disabled)
[    0.000000] ACPI: LAPIC (acpi_id[0x60] lapic_id[0xc0] disabled)
[    0.000000] ACPI: LAPIC (acpi_id[0x61] lapic_id[0xc2] disabled)
[    0.000000] ACPI: LAPIC (acpi_id[0x62] lapic_id[0xc4] disabled)
[    0.000000] ACPI: LAPIC (acpi_id[0x63] lapic_id[0xc6] disabled)
[    0.000000] ACPI: LAPIC (acpi_id[0x64] lapic_id[0xc8] disabled)
[    0.000000] ACPI: LAPIC (acpi_id[0x65] lapic_id[0xca] disabled)
[    0.000000] ACPI: LAPIC (acpi_id[0x66] lapic_id[0xcc] disabled)
[    0.000000] ACPI: LAPIC (acpi_id[0x67] lapic_id[0xce] disabled)
[    0.000000] ACPI: LAPIC (acpi_id[0x68] lapic_id[0xd0] disabled)
[    0.000000] ACPI: LAPIC (acpi_id[0x69] lapic_id[0xd2] disabled)
[    0.000000] ACPI: LAPIC (acpi_id[0x6a] lapic_id[0xd4] disabled)
[    0.000000] ACPI: LAPIC (acpi_id[0x6b] lapic_id[0xd6] disabled)
[    0.000000] ACPI: LAPIC (acpi_id[0x6c] lapic_id[0xd8] disabled)
[    0.000000] ACPI: LAPIC (acpi_id[0x6d] lapic_id[0xda] disabled)
[    0.000000] ACPI: LAPIC (acpi_id[0x6e] lapic_id[0xdc] disabled)
[    0.000000] ACPI: LAPIC (acpi_id[0x6f] lapic_id[0xde] disabled)
[    0.000000] ACPI: LAPIC (acpi_id[0x70] lapic_id[0xe0] disabled)
[    0.000000] ACPI: LAPIC (acpi_id[0x71] lapic_id[0xe2] disabled)
[    0.000000] ACPI: LAPIC (acpi_id[0x72] lapic_id[0xe4] disabled)
[    0.000000] ACPI: LAPIC (acpi_id[0x73] lapic_id[0xe6] disabled)
[    0.000000] ACPI: LAPIC (acpi_id[0x74] lapic_id[0xe8] disabled)
[    0.000000] ACPI: LAPIC (acpi_id[0x75] lapic_id[0xea] disabled)
[    0.000000] ACPI: LAPIC (acpi_id[0x76] lapic_id[0xec] disabled)
[    0.000000] ACPI: LAPIC (acpi_id[0x77] lapic_id[0xee] disabled)
[    0.000000] ACPI: LAPIC (acpi_id[0x78] lapic_id[0xf0] disabled)
[    0.000000] ACPI: LAPIC (acpi_id[0x79] lapic_id[0xf2] disabled)
[    0.000000] ACPI: LAPIC (acpi_id[0x7a] lapic_id[0xf4] disabled)
[    0.000000] ACPI: LAPIC (acpi_id[0x7b] lapic_id[0xf6] disabled)
[    0.000000] ACPI: LAPIC (acpi_id[0x7c] lapic_id[0xf8] disabled)
[    0.000000] ACPI: LAPIC (acpi_id[0x7d] lapic_id[0xfa] disabled)
[    0.000000] ACPI: LAPIC (acpi_id[0x7e] lapic_id[0xfc] disabled)
[    0.000000] ACPI: LAPIC (acpi_id[0x7f] lapic_id[0xfe] disabled)
[    0.000000] ACPI: LAPIC_NMI (acpi_id[0x00] high edge lint[0x1])
[    0.000000] ACPI: LAPIC_NMI (acpi_id[0x01] high edge lint[0x1])
[    0.000000] ACPI: LAPIC_NMI (acpi_id[0x02] high edge lint[0x1])
[    0.000000] ACPI: LAPIC_NMI (acpi_id[0x03] high edge lint[0x1])
[    0.000000] ACPI: LAPIC_NMI (acpi_id[0x04] high edge lint[0x1])
[    0.000000] ACPI: LAPIC_NMI (acpi_id[0x05] high edge lint[0x1])
[    0.000000] ACPI: LAPIC_NMI (acpi_id[0x06] high edge lint[0x1])
[    0.000000] ACPI: LAPIC_NMI (acpi_id[0x07] high edge lint[0x1])
[    0.000000] ACPI: LAPIC_NMI (acpi_id[0x08] high edge lint[0x1])
[    0.000000] ACPI: LAPIC_NMI (acpi_id[0x09] high edge lint[0x1])
[    0.000000] ACPI: LAPIC_NMI (acpi_id[0x0a] high edge lint[0x1])
[    0.000000] ACPI: LAPIC_NMI (acpi_id[0x0b] high edge lint[0x1])
[    0.000000] ACPI: LAPIC_NMI (acpi_id[0x0c] high edge lint[0x1])
[    0.000000] ACPI: LAPIC_NMI (acpi_id[0x0d] high edge lint[0x1])
[    0.000000] ACPI: LAPIC_NMI (acpi_id[0x0e] high edge lint[0x1])
[    0.000000] ACPI: LAPIC_NMI (acpi_id[0x0f] high edge lint[0x1])
[    0.000000] ACPI: LAPIC_NMI (acpi_id[0x10] high edge lint[0x1])
[    0.000000] ACPI: LAPIC_NMI (acpi_id[0x11] high edge lint[0x1])
[    0.000000] ACPI: LAPIC_NMI (acpi_id[0x12] high edge lint[0x1])
[    0.000000] ACPI: LAPIC_NMI (acpi_id[0x13] high edge lint[0x1])
[    0.000000] ACPI: LAPIC_NMI (acpi_id[0x14] high edge lint[0x1])
[    0.000000] ACPI: LAPIC_NMI (acpi_id[0x15] high edge lint[0x1])
[    0.000000] ACPI: LAPIC_NMI (acpi_id[0x16] high edge lint[0x1])
[    0.000000] ACPI: LAPIC_NMI (acpi_id[0x17] high edge lint[0x1])
[    0.000000] ACPI: LAPIC_NMI (acpi_id[0x18] high edge lint[0x1])
[    0.000000] ACPI: LAPIC_NMI (acpi_id[0x19] high edge lint[0x1])
[    0.000000] ACPI: LAPIC_NMI (acpi_id[0x1a] high edge lint[0x1])
[    0.000000] ACPI: LAPIC_NMI (acpi_id[0x1b] high edge lint[0x1])
[    0.000000] ACPI: LAPIC_NMI (acpi_id[0x1c] high edge lint[0x1])
[    0.000000] ACPI: LAPIC_NMI (acpi_id[0x1d] high edge lint[0x1])
[    0.000000] ACPI: LAPIC_NMI (acpi_id[0x1e] high edge lint[0x1])
[    0.000000] ACPI: LAPIC_NMI (acpi_id[0x1f] high edge lint[0x1])
[    0.000000] ACPI: LAPIC_NMI (acpi_id[0x20] high edge lint[0x1])
[    0.000000] ACPI: LAPIC_NMI (acpi_id[0x21] high edge lint[0x1])
[    0.000000] ACPI: LAPIC_NMI (acpi_id[0x22] high edge lint[0x1])
[    0.000000] ACPI: LAPIC_NMI (acpi_id[0x23] high edge lint[0x1])
[    0.000000] ACPI: LAPIC_NMI (acpi_id[0x24] high edge lint[0x1])
[    0.000000] ACPI: LAPIC_NMI (acpi_id[0x25] high edge lint[0x1])
[    0.000000] ACPI: LAPIC_NMI (acpi_id[0x26] high edge lint[0x1])
[    0.000000] ACPI: LAPIC_NMI (acpi_id[0x27] high edge lint[0x1])
[    0.000000] ACPI: LAPIC_NMI (acpi_id[0x28] high edge lint[0x1])
[    0.000000] ACPI: LAPIC_NMI (acpi_id[0x29] high edge lint[0x1])
[    0.000000] ACPI: LAPIC_NMI (acpi_id[0x2a] high edge lint[0x1])
[    0.000000] ACPI: LAPIC_NMI (acpi_id[0x2b] high edge lint[0x1])
[    0.000000] ACPI: LAPIC_NMI (acpi_id[0x2c] high edge lint[0x1])
[    0.000000] ACPI: LAPIC_NMI (acpi_id[0x2d] high edge lint[0x1])
[    0.000000] ACPI: LAPIC_NMI (acpi_id[0x2e] high edge lint[0x1])
[    0.000000] ACPI: LAPIC_NMI (acpi_id[0x2f] high edge lint[0x1])
[    0.000000] ACPI: LAPIC_NMI (acpi_id[0x30] high edge lint[0x1])
[    0.000000] ACPI: LAPIC_NMI (acpi_id[0x31] high edge lint[0x1])
[    0.000000] ACPI: LAPIC_NMI (acpi_id[0x32] high edge lint[0x1])
[    0.000000] ACPI: LAPIC_NMI (acpi_id[0x33] high edge lint[0x1])
[    0.000000] ACPI: LAPIC_NMI (acpi_id[0x34] high edge lint[0x1])
[    0.000000] ACPI: LAPIC_NMI (acpi_id[0x35] high edge lint[0x1])
[    0.000000] ACPI: LAPIC_NMI (acpi_id[0x36] high edge lint[0x1])
[    0.000000] ACPI: LAPIC_NMI (acpi_id[0x37] high edge lint[0x1])
[    0.000000] ACPI: LAPIC_NMI (acpi_id[0x38] high edge lint[0x1])
[    0.000000] ACPI: LAPIC_NMI (acpi_id[0x39] high edge lint[0x1])
[    0.000000] ACPI: LAPIC_NMI (acpi_id[0x3a] high edge lint[0x1])
[    0.000000] ACPI: LAPIC_NMI (acpi_id[0x3b] high edge lint[0x1])
[    0.000000] ACPI: LAPIC_NMI (acpi_id[0x3c] high edge lint[0x1])
[    0.000000] ACPI: LAPIC_NMI (acpi_id[0x3d] high edge lint[0x1])
[    0.000000] ACPI: LAPIC_NMI (acpi_id[0x3e] high edge lint[0x1])
[    0.000000] ACPI: LAPIC_NMI (acpi_id[0x3f] high edge lint[0x1])
[    0.000000] ACPI: LAPIC_NMI (acpi_id[0x40] high edge lint[0x1])
[    0.000000] ACPI: LAPIC_NMI (acpi_id[0x41] high edge lint[0x1])
[    0.000000] ACPI: LAPIC_NMI (acpi_id[0x42] high edge lint[0x1])
[    0.000000] ACPI: LAPIC_NMI (acpi_id[0x43] high edge lint[0x1])
[    0.000000] ACPI: LAPIC_NMI (acpi_id[0x44] high edge lint[0x1])
[    0.000000] ACPI: LAPIC_NMI (acpi_id[0x45] high edge lint[0x1])
[    0.000000] ACPI: LAPIC_NMI (acpi_id[0x46] high edge lint[0x1])
[    0.000000] ACPI: LAPIC_NMI (acpi_id[0x47] high edge lint[0x1])
[    0.000000] ACPI: LAPIC_NMI (acpi_id[0x48] high edge lint[0x1])
[    0.000000] ACPI: LAPIC_NMI (acpi_id[0x49] high edge lint[0x1])
[    0.000000] ACPI: LAPIC_NMI (acpi_id[0x4a] high edge lint[0x1])
[    0.000000] ACPI: LAPIC_NMI (acpi_id[0x4b] high edge lint[0x1])
[    0.000000] ACPI: LAPIC_NMI (acpi_id[0x4c] high edge lint[0x1])
[    0.000000] ACPI: LAPIC_NMI (acpi_id[0x4d] high edge lint[0x1])
[    0.000000] ACPI: LAPIC_NMI (acpi_id[0x4e] high edge lint[0x1])
[    0.000000] ACPI: LAPIC_NMI (acpi_id[0x4f] high edge lint[0x1])
[    0.000000] ACPI: LAPIC_NMI (acpi_id[0x50] high edge lint[0x1])
[    0.000000] ACPI: LAPIC_NMI (acpi_id[0x51] high edge lint[0x1])
[    0.000000] ACPI: LAPIC_NMI (acpi_id[0x52] high edge lint[0x1])
[    0.000000] ACPI: LAPIC_NMI (acpi_id[0x53] high edge lint[0x1])
[    0.000000] ACPI: LAPIC_NMI (acpi_id[0x54] high edge lint[0x1])
[    0.000000] ACPI: LAPIC_NMI (acpi_id[0x55] high edge lint[0x1])
[    0.000000] ACPI: LAPIC_NMI (acpi_id[0x56] high edge lint[0x1])
[    0.000000] ACPI: LAPIC_NMI (acpi_id[0x57] high edge lint[0x1])
[    0.000000] ACPI: LAPIC_NMI (acpi_id[0x58] high edge lint[0x1])
[    0.000000] ACPI: LAPIC_NMI (acpi_id[0x59] high edge lint[0x1])
[    0.000000] ACPI: LAPIC_NMI (acpi_id[0x5a] high edge lint[0x1])
[    0.000000] ACPI: LAPIC_NMI (acpi_id[0x5b] high edge lint[0x1])
[    0.000000] ACPI: LAPIC_NMI (acpi_id[0x5c] high edge lint[0x1])
[    0.000000] ACPI: LAPIC_NMI (acpi_id[0x5d] high edge lint[0x1])
[    0.000000] ACPI: LAPIC_NMI (acpi_id[0x5e] high edge lint[0x1])
[    0.000000] ACPI: LAPIC_NMI (acpi_id[0x5f] high edge lint[0x1])
[    0.000000] ACPI: LAPIC_NMI (acpi_id[0x60] high edge lint[0x1])
[    0.000000] ACPI: LAPIC_NMI (acpi_id[0x61] high edge lint[0x1])
[    0.000000] ACPI: LAPIC_NMI (acpi_id[0x62] high edge lint[0x1])
[    0.000000] ACPI: LAPIC_NMI (acpi_id[0x63] high edge lint[0x1])
[    0.000000] ACPI: LAPIC_NMI (acpi_id[0x64] high edge lint[0x1])
[    0.000000] ACPI: LAPIC_NMI (acpi_id[0x65] high edge lint[0x1])
[    0.000000] ACPI: LAPIC_NMI (acpi_id[0x66] high edge lint[0x1])
[    0.000000] ACPI: LAPIC_NMI (acpi_id[0x67] high edge lint[0x1])
[    0.000000] ACPI: LAPIC_NMI (acpi_id[0x68] high edge lint[0x1])
[    0.000000] ACPI: LAPIC_NMI (acpi_id[0x69] high edge lint[0x1])
[    0.000000] ACPI: LAPIC_NMI (acpi_id[0x6a] high edge lint[0x1])
[    0.000000] ACPI: LAPIC_NMI (acpi_id[0x6b] high edge lint[0x1])
[    0.000000] ACPI: LAPIC_NMI (acpi_id[0x6c] high edge lint[0x1])
[    0.000000] ACPI: LAPIC_NMI (acpi_id[0x6d] high edge lint[0x1])
[    0.000000] ACPI: LAPIC_NMI (acpi_id[0x6e] high edge lint[0x1])
[    0.000000] ACPI: LAPIC_NMI (acpi_id[0x6f] high edge lint[0x1])
[    0.000000] ACPI: LAPIC_NMI (acpi_id[0x70] high edge lint[0x1])
[    0.000000] ACPI: LAPIC_NMI (acpi_id[0x71] high edge lint[0x1])
[    0.000000] ACPI: LAPIC_NMI (acpi_id[0x72] high edge lint[0x1])
[    0.000000] ACPI: LAPIC_NMI (acpi_id[0x73] high edge lint[0x1])
[    0.000000] ACPI: LAPIC_NMI (acpi_id[0x74] high edge lint[0x1])
[    0.000000] ACPI: LAPIC_NMI (acpi_id[0x75] high edge lint[0x1])
[    0.000000] ACPI: LAPIC_NMI (acpi_id[0x76] high edge lint[0x1])
[    0.000000] ACPI: LAPIC_NMI (acpi_id[0x77] high edge lint[0x1])
[    0.000000] ACPI: LAPIC_NMI (acpi_id[0x78] high edge lint[0x1])
[    0.000000] ACPI: LAPIC_NMI (acpi_id[0x79] high edge lint[0x1])
[    0.000000] ACPI: LAPIC_NMI (acpi_id[0x7a] high edge lint[0x1])
[    0.000000] ACPI: LAPIC_NMI (acpi_id[0x7b] high edge lint[0x1])
[    0.000000] ACPI: LAPIC_NMI (acpi_id[0x7c] high edge lint[0x1])
[    0.000000] ACPI: LAPIC_NMI (acpi_id[0x7d] high edge lint[0x1])
[    0.000000] ACPI: LAPIC_NMI (acpi_id[0x7e] high edge lint[0x1])
[    0.000000] ACPI: LAPIC_NMI (acpi_id[0x7f] high edge lint[0x1])
[    0.000000] ACPI: IOAPIC (id[0x01] address[0xfec00000] gsi_base[0])
[    0.000000] IOAPIC[0]: apic_id 1, version 32, address 0xfec00000, GSI 0-23
[    0.000000] ACPI: INT_SRC_OVR (bus 0 bus_irq 0 global_irq 2 high edge)
[    0.000000] ACPI: IRQ0 used by override.
[    0.000000] ACPI: IRQ9 used by override.
[    0.000000] Using ACPI (MADT) for SMP configuration information
[    0.000000] ACPI: HPET id: 0x8086af01 base: 0xfed00000
[    0.000000] smpboot: Allowing 128 CPUs, 127 hotplug CPUs
[    0.000000] PM: Registered nosave memory: [mem 0x0009e000-0x0009efff]
[    0.000000] PM: Registered nosave memory: [mem 0x0009f000-0x0009ffff]
[    0.000000] PM: Registered nosave memory: [mem 0x000a0000-0x000dbfff]
[    0.000000] PM: Registered nosave memory: [mem 0x000dc000-0x000fffff]
[    0.000000] PM: Registered nosave memory: [mem 0x3fee0000-0x3fefefff]
[    0.000000] PM: Registered nosave memory: [mem 0x3feff000-0x3fefffff]
[    0.000000] e820: [mem 0x40000000-0xefffffff] available for PCI devices
[    0.000000] Booting paravirtualized kernel on bare hardware
[    0.000000] setup_percpu: NR_CPUS:5120 nr_cpumask_bits:128 nr_cpu_ids:128 nr_node_ids:1
[    0.000000] PERCPU: Embedded 35 pages/cpu @ffff8b607c600000 s104920 r8192 d30248 u262144
[    0.000000] pcpu-alloc: s104920 r8192 d30248 u262144 alloc=1*2097152
[    0.000000] pcpu-alloc: [0] 000 001 002 003 004 005 006 007 
[    0.000000] pcpu-alloc: [0] 008 009 010 011 012 013 014 015 
[    0.000000] pcpu-alloc: [0] 016 017 018 019 020 021 022 023 
[    0.000000] pcpu-alloc: [0] 024 025 026 027 028 029 030 031 
[    0.000000] pcpu-alloc: [0] 032 033 034 035 036 037 038 039 
[    0.000000] pcpu-alloc: [0] 040 041 042 043 044 045 046 047 
[    0.000000] pcpu-alloc: [0] 048 049 050 051 052 053 054 055 
[    0.000000] pcpu-alloc: [0] 056 057 058 059 060 061 062 063 
[    0.000000] pcpu-alloc: [0] 064 065 066 067 068 069 070 071 
[    0.000000] pcpu-alloc: [0] 072 073 074 075 076 077 078 079 
[    0.000000] pcpu-alloc: [0] 080 081 082 083 084 085 086 087 
[    0.000000] pcpu-alloc: [0] 088 089 090 091 092 093 094 095 
[    0.000000] pcpu-alloc: [0] 096 097 098 099 100 101 102 103 
[    0.000000] pcpu-alloc: [0] 104 105 106 107 108 109 110 111 
[    0.000000] pcpu-alloc: [0] 112 113 114 115 116 117 118 119 
[    0.000000] pcpu-alloc: [0] 120 121 122 123 124 125 126 127 
[    0.000000] Built 1 zonelists in Node order, mobility grouping on.  Total pages: 257896
[    0.000000] Policy zone: DMA32
[    0.000000] Kernel command line: BOOT_IMAGE=/vmlinuz-3.10.0-862.9.1.el7.x86_64 root=/dev/mapper/centos-root ro crashkernel=auto rd.lvm.lv=centos/root rd.lvm.lv=centos/swap rhgb console=tty0 console=ttyS1
[    0.000000] PID hash table entries: 4096 (order: 3, 32768 bytes)
[    0.000000] x86/fpu: xstate_offset[2]: 0240, xstate_sizes[2]: 0100
[    0.000000] x86/fpu: xstate_offset[3]: 03c0, xstate_sizes[3]: 0040
[    0.000000] x86/fpu: xstate_offset[4]: 0400, xstate_sizes[4]: 0040
[    0.000000] xsave: enabled xstate_bv 0x1f, cntxt size 0x440 using standard form
[    0.000000] Memory: 963696k/1048576k available (7328k kernel code, 524k absent, 84356k reserved, 6301k data, 1832k init)
[    0.000000] SLUB: HWalign=64, Order=0-3, MinObjects=0, CPUs=128, Nodes=1
[    0.000000] x86/pti: Unmapping kernel while in userspace
[    0.000000] Hierarchical RCU implementation.
[    0.000000] 	RCU restricting CPUs from NR_CPUS=5120 to nr_cpu_ids=128.
[    0.000000] NR_IRQS:327936 nr_irqs:1448 0
[    0.000000] Console: colour VGA+ 80x25
[    0.000000] console [tty0] enabled
[    0.000000] console [ttyS1] enabled
[    0.000000] allocated 4194304 bytes of page_cgroup
[    0.000000] please try 'cgroup_disable=memory' option if you don't want memory cgroups
[    0.000000] hpet clockevent registered
[    0.000000] TSC freq read from hypervisor : 3192.000 MHz
[    0.000000] TSC freq read from hypervisor : 3192.000 MHz
[    0.000000] tsc: Detected 3192.000 MHz processor
[    0.000242] Calibrating delay loop (skipped) preset value.. 6384.00 BogoMIPS (lpj=3192000)
[    0.004222] pid_max: default: 131072 minimum: 1024
[    0.006121] Security Framework initialized
[    0.007799] SELinux:  Initializing.
[    0.009277] SELinux:  Starting in permissive mode
[    0.009279] Yama: becoming mindful.
[    0.010659] Dentry cache hash table entries: 131072 (order: 8, 1048576 bytes)
[    0.013609] Inode-cache hash table entries: 65536 (order: 7, 524288 bytes)
[    0.016519] Mount-cache hash table entries: 2048 (order: 2, 16384 bytes)
[    0.020380] Mountpoint-cache hash table entries: 2048 (order: 2, 16384 bytes)
[    0.027659] Initializing cgroup subsys memory
[    0.032165] Initializing cgroup subsys devices
[    0.034404] Initializing cgroup subsys freezer
[    0.036456] Initializing cgroup subsys net_cls
[    0.038096] Initializing cgroup subsys blkio
[    0.039669] Initializing cgroup subsys perf_event
[    0.041375] Initializing cgroup subsys hugetlb
[    0.042954] Initializing cgroup subsys pids
[    0.044432] Initializing cgroup subsys net_prio
[    0.046237] Disabled fast string operations
[    0.047726] CPU: Physical Processor ID: 0
[    0.050110] mce: CPU supports 8 MCE banks
[    0.052182] Last level iTLB entries: 4KB 0, 2MB 0, 4MB 0
[    0.055068] Last level dTLB entries: 4KB 64, 2MB 0, 4MB 0
[    0.057269] tlb_flushall_shift: 6
[    0.058644] Speculative Store Bypass: Mitigation: Speculative Store Bypass disabled via prctl and seccomp
[    0.062436] FEATURE SPEC_CTRL Present
[    0.063900] FEATURE IBPB_SUPPORT Present
[    0.065322] Spectre V2 : Mitigation: IBRS (kernel)
[    0.105583] ACPI: Core revision 20130517
[    0.130360] ACPI: All ACPI Tables successfully acquired
[    0.134108] ftrace: allocating 28072 entries in 110 pages
[    0.193607] Enabling x2apic
[    0.194741] Enabled x2apic
[    0.195920] Switched APIC routing to physical x2apic.
[    0.198249] ..TIMER: vector=0x30 apic1=0 pin1=2 apic2=-1 pin2=-1
[    0.199296] smpboot: CPU0: Intel(R) Core(TM) i5-6500 CPU @ 3.20GHz (fam: 06, model: 5e, stepping: 03)
[    0.203401] TSC deadline timer enabled
[    0.203449] Performance Events: 32-deep LBR, Skylake events, core PMU driver.
[    0.206346] core: CPUID marked event: 'cpu cycles' unavailable
[    0.209677] core: CPUID marked event: 'instructions' unavailable
[    0.211862] core: CPUID marked event: 'bus cycles' unavailable
[    0.213960] core: CPUID marked event: 'cache references' unavailable
[    0.216313] core: CPUID marked event: 'cache misses' unavailable
[    0.218918] core: CPUID marked event: 'branch instructions' unavailable
[    0.222737] core: CPUID marked event: 'branch misses' unavailable
[    0.227563] ... version:                1
[    0.229279] ... bit width:              48
[    0.231118] ... generic registers:      8
[    0.233177] ... value mask:             0000ffffffffffff
[    0.236477] ... max period:             000000007fffffff
[    0.238747] ... fixed-purpose events:   0
[    0.241744] ... event mask:             00000000000000ff
[    0.253805] NMI watchdog: disabled (cpu0): hardware events not enabled
[    0.256871] NMI watchdog: Shutting down hard lockup detector on all cpus
[    0.295316] Brought up 1 CPUs
[    0.296918] smpboot: Max logical packages: 128
[    0.298793] smpboot: Total of 1 processors activated (6384.00 BogoMIPS)
[    0.308972] devtmpfs: initialized
[    0.313060] EVM: security.selinux
[    0.314457] EVM: security.ima
[    0.315661] EVM: security.capability
[    0.317616] PM: Registering ACPI NVS region [mem 0x3feff000-0x3fefffff] (4096 bytes)
[    0.323653] atomic64 test passed for x86-64 platform with CX8 and with SSE
[    0.326128] pinctrl core: initialized pinctrl subsystem
[    0.328271] RTC time:  7:40:59, date: 09/05/19
[    0.331106] NET: Registered protocol family 16
[    0.336571] ACPI: bus type PCI registered
[    0.338216] acpiphp: ACPI Hot Plug PCI Controller Driver version: 0.5
[    0.341057] PCI: MMCONFIG for domain 0000 [bus 00-7f] at [mem 0xf0000000-0xf7ffffff] (base 0xf0000000)
[    0.344477] PCI: MMCONFIG at [mem 0xf0000000-0xf7ffffff] reserved in E820
[    0.346953] PCI: Using configuration type 1 for base access
[    0.353114] ACPI: Added _OSI(Module Device)
[    0.354728] ACPI: Added _OSI(Processor Device)
[    0.356458] ACPI: Added _OSI(3.0 _SCP Extensions)
[    0.358199] ACPI: Added _OSI(Processor Aggregator Device)
[    0.362490] ACPI: EC: Look up EC in DSDT
[    0.367093] ACPI: [Firmware Bug]: BIOS _OSI(Linux) query ignored
[    0.384386] ACPI: Interpreter enabled
[    0.385978] ACPI: (supports S0 S1 S4 S5)
[    0.387420] ACPI: Using IOAPIC for interrupt routing
[    0.389161] PCI: Using host bridge windows from ACPI; if necessary, use "pci=nocrs" and report a bug
[    0.392782] ACPI: Enabled 4 GPEs in block 00 to 0F
[    0.503626] ACPI: PCI Root Bridge [PCI0] (domain 0000 [bus 00-7f])
[    0.505954] acpi PNP0A03:00: _OSC: OS supports [ExtendedConfig ASPM ClockPM Segments MSI]
[    0.509120] acpi PNP0A03:00: _OSC: platform does not support [AER]
[    0.511490] acpi PNP0A03:00: _OSC: OS now controls [PCIeHotplug PME PCIeCapability]
[    0.516463] PCI host bridge to bus 0000:00
[    0.517944] pci_bus 0000:00: root bus resource [bus 00-7f]
[    0.520060] pci_bus 0000:00: root bus resource [mem 0x000a0000-0x000bffff window]
[    0.522924] pci_bus 0000:00: root bus resource [mem 0x000cc000-0x000cffff window]
[    0.525532] pci_bus 0000:00: root bus resource [mem 0x000d0000-0x000d3fff window]
[    0.528381] pci_bus 0000:00: root bus resource [mem 0x000d4000-0x000d7fff window]
[    0.531194] pci_bus 0000:00: root bus resource [mem 0x000d8000-0x000dbfff window]
[    0.534103] pci_bus 0000:00: root bus resource [mem 0xc0000000-0xfebfffff window]
[    0.542244] pci_bus 0000:00: root bus resource [io  0x0000-0x0cf7 window]
[    0.545137] pci_bus 0000:00: root bus resource [io  0x0d00-0xfeff window]
[    0.548335] pci 0000:00:00.0: [8086:7190] type 00 class 0x060000
[    0.549089] pci 0000:00:01.0: [8086:7191] type 01 class 0x060400
[    0.550218] pci 0000:00:07.0: [8086:7110] type 00 class 0x060100
[    0.552255] pci 0000:00:07.1: [8086:7111] type 00 class 0x01018a
[    0.553574] pci 0000:00:07.1: reg 0x20: [io  0x1060-0x106f]
[    0.554028] pci 0000:00:07.1: legacy IDE quirk: reg 0x10: [io  0x01f0-0x01f7]
[    0.556495] pci 0000:00:07.1: legacy IDE quirk: reg 0x14: [io  0x03f6]
[    0.559074] pci 0000:00:07.1: legacy IDE quirk: reg 0x18: [io  0x0170-0x0177]
[    0.561722] pci 0000:00:07.1: legacy IDE quirk: reg 0x1c: [io  0x0376]
[    0.564309] pci 0000:00:07.3: [8086:7113] type 00 class 0x068000
[    0.565899] pci 0000:00:07.3: quirk: [io  0x1000-0x103f] claimed by PIIX4 ACPI
[    0.569293] pci 0000:00:07.3: quirk: [io  0x1040-0x104f] claimed by PIIX4 SMB
[    0.572342] pci 0000:00:07.7: [15ad:0740] type 00 class 0x088000
[    0.572730] pci 0000:00:07.7: reg 0x10: [io  0x1080-0x10bf]
[    0.573124] pci 0000:00:07.7: reg 0x14: [mem 0xfebfe000-0xfebfffff 64bit]
[    0.575091] pci 0000:00:0f.0: [15ad:0405] type 00 class 0x030000
[    0.575910] pci 0000:00:0f.0: reg 0x10: [io  0x1070-0x107f]
[    0.576622] pci 0000:00:0f.0: reg 0x14: [mem 0xe8000000-0xefffffff pref]
[    0.577383] pci 0000:00:0f.0: reg 0x18: [mem 0xfe000000-0xfe7fffff]
[    0.580262] pci 0000:00:0f.0: reg 0x30: [mem 0x00000000-0x00007fff pref]
[    0.580854] pci 0000:00:10.0: [1000:0030] type 00 class 0x010000
[    0.581333] pci 0000:00:10.0: reg 0x10: [io  0x1400-0x14ff]
[    0.581966] pci 0000:00:10.0: reg 0x14: [mem 0xfeba0000-0xfebbffff 64bit]
[    0.582495] pci 0000:00:10.0: reg 0x1c: [mem 0xfebc0000-0xfebdffff 64bit]
[    0.584816] pci 0000:00:10.0: reg 0x30: [mem 0x00000000-0x00003fff pref]
[    0.585752] pci 0000:00:11.0: [15ad:0790] type 01 class 0x060401
[    0.586525] pci 0000:00:11.0: System wakeup disabled by ACPI
[    0.588731] pci 0000:00:15.0: [15ad:07a0] type 01 class 0x060400
[    0.589725] pci 0000:00:15.0: PME# supported from D0 D3hot D3cold
[    0.589900] pci 0000:00:15.0: System wakeup disabled by ACPI
[    0.592410] pci 0000:00:15.1: [15ad:07a0] type 01 class 0x060400
[    0.593346] pci 0000:00:15.1: PME# supported from D0 D3hot D3cold
[    0.593519] pci 0000:00:15.1: System wakeup disabled by ACPI
[    0.595665] pci 0000:00:15.2: [15ad:07a0] type 01 class 0x060400
[    0.596561] pci 0000:00:15.2: PME# supported from D0 D3hot D3cold
[    0.596745] pci 0000:00:15.2: System wakeup disabled by ACPI
[    0.599104] pci 0000:00:15.3: [15ad:07a0] type 01 class 0x060400
[    0.600114] pci 0000:00:15.3: PME# supported from D0 D3hot D3cold
[    0.600293] pci 0000:00:15.3: System wakeup disabled by ACPI
[    0.603127] pci 0000:00:15.4: [15ad:07a0] type 01 class 0x060400
[    0.604376] pci 0000:00:15.4: PME# supported from D0 D3hot D3cold
[    0.604565] pci 0000:00:15.4: System wakeup disabled by ACPI
[    0.606791] pci 0000:00:15.5: [15ad:07a0] type 01 class 0x060400
[    0.607652] pci 0000:00:15.5: PME# supported from D0 D3hot D3cold
[    0.607828] pci 0000:00:15.5: System wakeup disabled by ACPI
[    0.610003] pci 0000:00:15.6: [15ad:07a0] type 01 class 0x060400
[    0.610862] pci 0000:00:15.6: PME# supported from D0 D3hot D3cold
[    0.611424] pci 0000:00:15.6: System wakeup disabled by ACPI
[    0.614708] pci 0000:00:15.7: [15ad:07a0] type 01 class 0x060400
[    0.616577] pci 0000:00:15.7: PME# supported from D0 D3hot D3cold
[    0.617043] pci 0000:00:15.7: System wakeup disabled by ACPI
[    0.619579] pci 0000:00:16.0: [15ad:07a0] type 01 class 0x060400
[    0.620564] pci 0000:00:16.0: PME# supported from D0 D3hot D3cold
[    0.620767] pci 0000:00:16.0: System wakeup disabled by ACPI
[    0.623634] pci 0000:00:16.1: [15ad:07a0] type 01 class 0x060400
[    0.624551] pci 0000:00:16.1: PME# supported from D0 D3hot D3cold
[    0.624728] pci 0000:00:16.1: System wakeup disabled by ACPI
[    0.626985] pci 0000:00:16.2: [15ad:07a0] type 01 class 0x060400
[    0.628097] pci 0000:00:16.2: PME# supported from D0 D3hot D3cold
[    0.628347] pci 0000:00:16.2: System wakeup disabled by ACPI
[    0.630504] pci 0000:00:16.3: [15ad:07a0] type 01 class 0x060400
[    0.631447] pci 0000:00:16.3: PME# supported from D0 D3hot D3cold
[    0.631619] pci 0000:00:16.3: System wakeup disabled by ACPI
[    0.633930] pci 0000:00:16.4: [15ad:07a0] type 01 class 0x060400
[    0.635624] pci 0000:00:16.4: PME# supported from D0 D3hot D3cold
[    0.635910] pci 0000:00:16.4: System wakeup disabled by ACPI
[    0.638185] pci 0000:00:16.5: [15ad:07a0] type 01 class 0x060400
[    0.639113] pci 0000:00:16.5: PME# supported from D0 D3hot D3cold
[    0.639366] pci 0000:00:16.5: System wakeup disabled by ACPI
[    0.641664] pci 0000:00:16.6: [15ad:07a0] type 01 class 0x060400
[    0.642633] pci 0000:00:16.6: PME# supported from D0 D3hot D3cold
[    0.642862] pci 0000:00:16.6: System wakeup disabled by ACPI
[    0.645446] pci 0000:00:16.7: [15ad:07a0] type 01 class 0x060400
[    0.647241] pci 0000:00:16.7: PME# supported from D0 D3hot D3cold
[    0.647459] pci 0000:00:16.7: System wakeup disabled by ACPI
[    0.649656] pci 0000:00:17.0: [15ad:07a0] type 01 class 0x060400
[    0.650530] pci 0000:00:17.0: PME# supported from D0 D3hot D3cold
[    0.650779] pci 0000:00:17.0: System wakeup disabled by ACPI
[    0.653798] pci 0000:00:17.1: [15ad:07a0] type 01 class 0x060400
[    0.654730] pci 0000:00:17.1: PME# supported from D0 D3hot D3cold
[    0.654916] pci 0000:00:17.1: System wakeup disabled by ACPI
[    0.657145] pci 0000:00:17.2: [15ad:07a0] type 01 class 0x060400
[    0.658038] pci 0000:00:17.2: PME# supported from D0 D3hot D3cold
[    0.658217] pci 0000:00:17.2: System wakeup disabled by ACPI
[    0.660422] pci 0000:00:17.3: [15ad:07a0] type 01 class 0x060400
[    0.661588] pci 0000:00:17.3: PME# supported from D0 D3hot D3cold
[    0.662183] pci 0000:00:17.3: System wakeup disabled by ACPI
[    0.664610] pci 0000:00:17.4: [15ad:07a0] type 01 class 0x060400
[    0.665523] pci 0000:00:17.4: PME# supported from D0 D3hot D3cold
[    0.665735] pci 0000:00:17.4: System wakeup disabled by ACPI
[    0.668220] pci 0000:00:17.5: [15ad:07a0] type 01 class 0x060400
[    0.669370] pci 0000:00:17.5: PME# supported from D0 D3hot D3cold
[    0.669566] pci 0000:00:17.5: System wakeup disabled by ACPI
[    0.671892] pci 0000:00:17.6: [15ad:07a0] type 01 class 0x060400
[    0.672892] pci 0000:00:17.6: PME# supported from D0 D3hot D3cold
[    0.673133] pci 0000:00:17.6: System wakeup disabled by ACPI
[    0.675849] pci 0000:00:17.7: [15ad:07a0] type 01 class 0x060400
[    0.677267] pci 0000:00:17.7: PME# supported from D0 D3hot D3cold
[    0.677468] pci 0000:00:17.7: System wakeup disabled by ACPI
[    0.679935] pci 0000:00:18.0: [15ad:07a0] type 01 class 0x060400
[    0.680785] pci 0000:00:18.0: PME# supported from D0 D3hot D3cold
[    0.680996] pci 0000:00:18.0: System wakeup disabled by ACPI
[    0.683347] pci 0000:00:18.1: [15ad:07a0] type 01 class 0x060400
[    0.684227] pci 0000:00:18.1: PME# supported from D0 D3hot D3cold
[    0.684470] pci 0000:00:18.1: System wakeup disabled by ACPI
[    0.687300] pci 0000:00:18.2: [15ad:07a0] type 01 class 0x060400
[    0.688212] pci 0000:00:18.2: PME# supported from D0 D3hot D3cold
[    0.688402] pci 0000:00:18.2: System wakeup disabled by ACPI
[    0.690558] pci 0000:00:18.3: [15ad:07a0] type 01 class 0x060400
[    0.691933] pci 0000:00:18.3: PME# supported from D0 D3hot D3cold
[    0.692115] pci 0000:00:18.3: System wakeup disabled by ACPI
[    0.694652] pci 0000:00:18.4: [15ad:07a0] type 01 class 0x060400
[    0.695618] pci 0000:00:18.4: PME# supported from D0 D3hot D3cold
[    0.695852] pci 0000:00:18.4: System wakeup disabled by ACPI
[    0.698023] pci 0000:00:18.5: [15ad:07a0] type 01 class 0x060400
[    0.698976] pci 0000:00:18.5: PME# supported from D0 D3hot D3cold
[    0.699148] pci 0000:00:18.5: System wakeup disabled by ACPI
[    0.701783] pci 0000:00:18.6: [15ad:07a0] type 01 class 0x060400
[    0.702963] pci 0000:00:18.6: PME# supported from D0 D3hot D3cold
[    0.703164] pci 0000:00:18.6: System wakeup disabled by ACPI
[    0.705957] pci 0000:00:18.7: [15ad:07a0] type 01 class 0x060400
[    0.707035] pci 0000:00:18.7: PME# supported from D0 D3hot D3cold
[    0.707243] pci 0000:00:18.7: System wakeup disabled by ACPI
[    0.709791] pci 0000:00:01.0: PCI bridge to [bus 01]
[    0.712233] acpiphp: Slot [32] registered
[    0.713762] acpiphp: Slot [33] registered
[    0.715259] acpiphp: Slot [34] registered
[    0.716796] acpiphp: Slot [35] registered
[    0.718700] acpiphp: Slot [36] registered
[    0.720303] acpiphp: Slot [37] registered
[    0.721798] acpiphp: Slot [38] registered
[    0.723265] acpiphp: Slot [39] registered
[    0.724755] acpiphp: Slot [40] registered
[    0.726710] acpiphp: Slot [41] registered
[    0.728842] acpiphp: Slot [42] registered
[    0.730729] acpiphp: Slot [43] registered
[    0.732276] acpiphp: Slot [44] registered
[    0.733843] acpiphp: Slot [45] registered
[    0.735561] acpiphp: Slot [46] registered
[    0.737504] acpiphp: Slot [47] registered
[    0.740542] acpiphp: Slot [48] registered
[    0.742651] acpiphp: Slot [49] registered
[    0.744219] acpiphp: Slot [50] registered
[    0.745790] acpiphp: Slot [51] registered
[    0.747342] acpiphp: Slot [52] registered
[    0.748778] acpiphp: Slot [53] registered
[    0.750229] acpiphp: Slot [54] registered
[    0.752776] acpiphp: Slot [55] registered
[    0.754607] acpiphp: Slot [56] registered
[    0.756099] acpiphp: Slot [57] registered
[    0.757831] acpiphp: Slot [58] registered
[    0.759379] acpiphp: Slot [59] registered
[    0.760889] acpiphp: Slot [60] registered
[    0.762536] acpiphp: Slot [61] registered
[    0.764064] acpiphp: Slot [62] registered
[    0.765613] acpiphp: Slot [63] registered
[    0.767221] pci 0000:02:00.0: [15ad:0774] type 00 class 0x0c0300
[    0.769439] pci 0000:02:00.0: reg 0x20: [io  0x2080-0x209f]
[    0.770484] pci 0000:02:00.0: System wakeup disabled by ACPI
[    0.773205] pci 0000:02:01.0: [8086:100f] type 00 class 0x020000
[    0.773744] pci 0000:02:01.0: reg 0x10: [mem 0xfd5c0000-0xfd5dffff 64bit]
[    0.774163] pci 0000:02:01.0: reg 0x18: [mem 0xfdff0000-0xfdffffff 64bit]
[    0.774529] pci 0000:02:01.0: reg 0x20: [io  0x2000-0x203f]
[    0.775407] pci 0000:02:01.0: reg 0x30: [mem 0x00000000-0x0000ffff pref]
[    0.775839] pci 0000:02:01.0: PME# supported from D0 D3hot D3cold
[    0.775963] pci 0000:02:01.0: System wakeup disabled by ACPI
[    0.778012] pci 0000:02:02.0: [1274:1371] type 00 class 0x040100
[    0.778296] pci 0000:02:02.0: reg 0x10: [io  0x2040-0x207f]
[    0.780134] pci 0000:02:02.0: System wakeup disabled by ACPI
[    0.782576] pci 0000:02:03.0: [15ad:0770] type 00 class 0x0c0320
[    0.782825] pci 0000:02:03.0: reg 0x10: [mem 0xfd5ef000-0xfd5effff]
[    0.784319] pci 0000:02:03.0: System wakeup disabled by ACPI
[    0.787487] pci 0000:00:11.0: PCI bridge to [bus 02] (subtractive decode)
[    0.791107] pci 0000:00:11.0:   bridge window [io  0x2000-0x3fff]
[    0.791149] pci 0000:00:11.0:   bridge window [mem 0xfd500000-0xfdffffff]
[    0.791198] pci 0000:00:11.0:   bridge window [mem 0xe7b00000-0xe7ffffff 64bit pref]
[    0.791200] pci 0000:00:11.0:   bridge window [mem 0x000a0000-0x000bffff window] (subtractive decode)
[    0.791201] pci 0000:00:11.0:   bridge window [mem 0x000cc000-0x000cffff window] (subtractive decode)
[    0.791202] pci 0000:00:11.0:   bridge window [mem 0x000d0000-0x000d3fff window] (subtractive decode)
[    0.791203] pci 0000:00:11.0:   bridge window [mem 0x000d4000-0x000d7fff window] (subtractive decode)
[    0.791204] pci 0000:00:11.0:   bridge window [mem 0x000d8000-0x000dbfff window] (subtractive decode)
[    0.791204] pci 0000:00:11.0:   bridge window [mem 0xc0000000-0xfebfffff window] (subtractive decode)
[    0.791205] pci 0000:00:11.0:   bridge window [io  0x0000-0x0cf7 window] (subtractive decode)
[    0.791206] pci 0000:00:11.0:   bridge window [io  0x0d00-0xfeff window] (subtractive decode)
[    0.791627] pci 0000:00:15.0: PCI bridge to [bus 03]
[    0.793434] pci 0000:00:15.0:   bridge window [io  0x4000-0x4fff]
[    0.793477] pci 0000:00:15.0:   bridge window [mem 0xfd400000-0xfd4fffff]
[    0.793541] pci 0000:00:15.0:   bridge window [mem 0xe7a00000-0xe7afffff 64bit pref]
[    0.793973] pci 0000:00:15.1: PCI bridge to [bus 04]
[    0.795808] pci 0000:00:15.1:   bridge window [io  0x8000-0x8fff]
[    0.795833] pci 0000:00:15.1:   bridge window [mem 0xfd000000-0xfd0fffff]
[    0.795881] pci 0000:00:15.1:   bridge window [mem 0xe7600000-0xe76fffff 64bit pref]
[    0.796354] pci 0000:00:15.2: PCI bridge to [bus 05]
[    0.798636] pci 0000:00:15.2:   bridge window [io  0xc000-0xcfff]
[    0.798717] pci 0000:00:15.2:   bridge window [mem 0xfcc00000-0xfccfffff]
[    0.798836] pci 0000:00:15.2:   bridge window [mem 0xe7200000-0xe72fffff 64bit pref]
[    0.799946] pci 0000:00:15.3: PCI bridge to [bus 06]
[    0.803231] pci 0000:00:15.3:   bridge window [mem 0xfc800000-0xfc8fffff]
[    0.803282] pci 0000:00:15.3:   bridge window [mem 0xe6e00000-0xe6efffff 64bit pref]
[    0.803743] pci 0000:00:15.4: PCI bridge to [bus 07]
[    0.805640] pci 0000:00:15.4:   bridge window [mem 0xfc400000-0xfc4fffff]
[    0.805689] pci 0000:00:15.4:   bridge window [mem 0xe6a00000-0xe6afffff 64bit pref]
[    0.806179] pci 0000:00:15.5: PCI bridge to [bus 08]
[    0.808090] pci 0000:00:15.5:   bridge window [mem 0xfc000000-0xfc0fffff]
[    0.808140] pci 0000:00:15.5:   bridge window [mem 0xe6600000-0xe66fffff 64bit pref]
[    0.808545] pci 0000:00:15.6: PCI bridge to [bus 09]
[    0.810425] pci 0000:00:15.6:   bridge window [mem 0xfbc00000-0xfbcfffff]
[    0.810473] pci 0000:00:15.6:   bridge window [mem 0xe6200000-0xe62fffff 64bit pref]
[    0.810873] pci 0000:00:15.7: PCI bridge to [bus 0a]
[    0.812794] pci 0000:00:15.7:   bridge window [mem 0xfb800000-0xfb8fffff]
[    0.812844] pci 0000:00:15.7:   bridge window [mem 0xe5e00000-0xe5efffff 64bit pref]
[    0.813220] pci 0000:00:16.0: PCI bridge to [bus 0b]
[    0.815101] pci 0000:00:16.0:   bridge window [io  0x5000-0x5fff]
[    0.815127] pci 0000:00:16.0:   bridge window [mem 0xfd300000-0xfd3fffff]
[    0.815175] pci 0000:00:16.0:   bridge window [mem 0xe7900000-0xe79fffff 64bit pref]
[    0.815555] pci 0000:00:16.1: PCI bridge to [bus 0c]
[    0.817280] pci 0000:00:16.1:   bridge window [io  0x9000-0x9fff]
[    0.817304] pci 0000:00:16.1:   bridge window [mem 0xfcf00000-0xfcffffff]
[    0.817352] pci 0000:00:16.1:   bridge window [mem 0xe7500000-0xe75fffff 64bit pref]
[    0.817948] pci 0000:00:16.2: PCI bridge to [bus 0d]
[    0.820531] pci 0000:00:16.2:   bridge window [io  0xd000-0xdfff]
[    0.820558] pci 0000:00:16.2:   bridge window [mem 0xfcb00000-0xfcbfffff]
[    0.820605] pci 0000:00:16.2:   bridge window [mem 0xe7100000-0xe71fffff 64bit pref]
[    0.821102] pci 0000:00:16.3: PCI bridge to [bus 0e]
[    0.823326] pci 0000:00:16.3:   bridge window [mem 0xfc700000-0xfc7fffff]
[    0.823391] pci 0000:00:16.3:   bridge window [mem 0xe6d00000-0xe6dfffff 64bit pref]
[    0.823825] pci 0000:00:16.4: PCI bridge to [bus 0f]
[    0.825783] pci 0000:00:16.4:   bridge window [mem 0xfc300000-0xfc3fffff]
[    0.825831] pci 0000:00:16.4:   bridge window [mem 0xe6900000-0xe69fffff 64bit pref]
[    0.826249] pci 0000:00:16.5: PCI bridge to [bus 10]
[    0.828072] pci 0000:00:16.5:   bridge window [mem 0xfbf00000-0xfbffffff]
[    0.828121] pci 0000:00:16.5:   bridge window [mem 0xe6500000-0xe65fffff 64bit pref]
[    0.828592] pci 0000:00:16.6: PCI bridge to [bus 11]
[    0.830483] pci 0000:00:16.6:   bridge window [mem 0xfbb00000-0xfbbfffff]
[    0.830531] pci 0000:00:16.6:   bridge window [mem 0xe6100000-0xe61fffff 64bit pref]
[    0.830992] pci 0000:00:16.7: PCI bridge to [bus 12]
[    0.833471] pci 0000:00:16.7:   bridge window [mem 0xfb700000-0xfb7fffff]
[    0.833521] pci 0000:00:16.7:   bridge window [mem 0xe5d00000-0xe5dfffff 64bit pref]
[    0.833949] pci 0000:00:17.0: PCI bridge to [bus 13]
[    0.836168] pci 0000:00:17.0:   bridge window [io  0x6000-0x6fff]
[    0.836195] pci 0000:00:17.0:   bridge window [mem 0xfd200000-0xfd2fffff]
[    0.836245] pci 0000:00:17.0:   bridge window [mem 0xe7800000-0xe78fffff 64bit pref]
[    0.836703] pci 0000:00:17.1: PCI bridge to [bus 14]
[    0.838437] pci 0000:00:17.1:   bridge window [io  0xa000-0xafff]
[    0.838462] pci 0000:00:17.1:   bridge window [mem 0xfce00000-0xfcefffff]
[    0.838511] pci 0000:00:17.1:   bridge window [mem 0xe7400000-0xe74fffff 64bit pref]
[    0.838918] pci 0000:00:17.2: PCI bridge to [bus 15]
[    0.840849] pci 0000:00:17.2:   bridge window [io  0xe000-0xefff]
[    0.840876] pci 0000:00:17.2:   bridge window [mem 0xfca00000-0xfcafffff]
[    0.840925] pci 0000:00:17.2:   bridge window [mem 0xe7000000-0xe70fffff 64bit pref]
[    0.841369] pci 0000:00:17.3: PCI bridge to [bus 16]
[    0.843325] pci 0000:00:17.3:   bridge window [mem 0xfc600000-0xfc6fffff]
[    0.843377] pci 0000:00:17.3:   bridge window [mem 0xe6c00000-0xe6cfffff 64bit pref]
[    0.843834] pci 0000:00:17.4: PCI bridge to [bus 17]
[    0.845742] pci 0000:00:17.4:   bridge window [mem 0xfc200000-0xfc2fffff]
[    0.845790] pci 0000:00:17.4:   bridge window [mem 0xe6800000-0xe68fffff 64bit pref]
[    0.846217] pci 0000:00:17.5: PCI bridge to [bus 18]
[    0.848161] pci 0000:00:17.5:   bridge window [mem 0xfbe00000-0xfbefffff]
[    0.848209] pci 0000:00:17.5:   bridge window [mem 0xe6400000-0xe64fffff 64bit pref]
[    0.848644] pci 0000:00:17.6: PCI bridge to [bus 19]
[    0.851498] pci 0000:00:17.6:   bridge window [mem 0xfba00000-0xfbafffff]
[    0.851592] pci 0000:00:17.6:   bridge window [mem 0xe6000000-0xe60fffff 64bit pref]
[    0.852449] pci 0000:00:17.7: PCI bridge to [bus 1a]
[    0.854776] pci 0000:00:17.7:   bridge window [mem 0xfb600000-0xfb6fffff]
[    0.854824] pci 0000:00:17.7:   bridge window [mem 0xe5c00000-0xe5cfffff 64bit pref]
[    0.855390] pci 0000:00:18.0: PCI bridge to [bus 1b]
[    0.857711] pci 0000:00:18.0:   bridge window [io  0x7000-0x7fff]
[    0.857736] pci 0000:00:18.0:   bridge window [mem 0xfd100000-0xfd1fffff]
[    0.857784] pci 0000:00:18.0:   bridge window [mem 0xe7700000-0xe77fffff 64bit pref]
[    0.858357] pci 0000:00:18.1: PCI bridge to [bus 1c]
[    0.860481] pci 0000:00:18.1:   bridge window [io  0xb000-0xbfff]
[    0.860506] pci 0000:00:18.1:   bridge window [mem 0xfcd00000-0xfcdfffff]
[    0.860554] pci 0000:00:18.1:   bridge window [mem 0xe7300000-0xe73fffff 64bit pref]
[    0.861081] pci 0000:00:18.2: PCI bridge to [bus 1d]
[    0.864441] pci 0000:00:18.2:   bridge window [mem 0xfc900000-0xfc9fffff]
[    0.864577] pci 0000:00:18.2:   bridge window [mem 0xe6f00000-0xe6ffffff 64bit pref]
[    0.865574] pci 0000:00:18.3: PCI bridge to [bus 1e]
[    0.867654] pci 0000:00:18.3:   bridge window [mem 0xfc500000-0xfc5fffff]
[    0.867703] pci 0000:00:18.3:   bridge window [mem 0xe6b00000-0xe6bfffff 64bit pref]
[    0.868258] pci 0000:00:18.4: PCI bridge to [bus 1f]
[    0.870327] pci 0000:00:18.4:   bridge window [mem 0xfc100000-0xfc1fffff]
[    0.870377] pci 0000:00:18.4:   bridge window [mem 0xe6700000-0xe67fffff 64bit pref]
[    0.870786] pci 0000:00:18.5: PCI bridge to [bus 20]
[    0.873036] pci 0000:00:18.5:   bridge window [mem 0xfbd00000-0xfbdfffff]
[    0.873087] pci 0000:00:18.5:   bridge window [mem 0xe6300000-0xe63fffff 64bit pref]
[    0.873524] pci 0000:00:18.6: PCI bridge to [bus 21]
[    0.875423] pci 0000:00:18.6:   bridge window [mem 0xfb900000-0xfb9fffff]
[    0.875472] pci 0000:00:18.6:   bridge window [mem 0xe5f00000-0xe5ffffff 64bit pref]
[    0.876391] pci 0000:00:18.7: PCI bridge to [bus 22]
[    0.878150] pci 0000:00:18.7:   bridge window [mem 0xfb500000-0xfb5fffff]
[    0.878199] pci 0000:00:18.7:   bridge window [mem 0xe5b00000-0xe5bfffff 64bit pref]
[    0.881410] ACPI: PCI Interrupt Link [LNKA] (IRQs 3 4 5 6 7 *9 10 11 14 15)
[    0.885623] ACPI: PCI Interrupt Link [LNKB] (IRQs 3 4 5 6 7 9 10 *11 14 15)
[    0.889440] ACPI: PCI Interrupt Link [LNKC] (IRQs 3 4 5 6 7 9 *10 11 14 15)
[    0.894021] ACPI: PCI Interrupt Link [LNKD] (IRQs 3 4 5 6 *7 9 10 11 14 15)
[    0.908971] vgaarb: device added: PCI:0000:00:0f.0,decodes=io+mem,owns=io+mem,locks=none
[    0.911976] vgaarb: loaded
[    0.913701] vgaarb: bridge control possible 0000:00:0f.0
[    0.916682] SCSI subsystem initialized
[    0.918291] ACPI: bus type USB registered
[    0.920234] usbcore: registered new interface driver usbfs
[    0.922173] usbcore: registered new interface driver hub
[    0.924064] usbcore: registered new device driver usb
[    0.926445] EDAC MC: Ver: 3.0.0
[    0.929882] PCI: Using ACPI for IRQ routing
[    0.971917] PCI: pci_cache_line_size set to 64 bytes
[    0.973179] e820: reserve RAM buffer [mem 0x0009ec00-0x0009ffff]
[    0.973181] e820: reserve RAM buffer [mem 0x3fee0000-0x3fffffff]
[    0.973698] NetLabel: Initializing
[    0.975336] NetLabel:  domain hash size = 128
[    0.976918] NetLabel:  protocols = UNLABELED CIPSOv4
[    0.978705] NetLabel:  unlabeled traffic allowed by default
[    0.980812] hpet0: at MMIO 0xfed00000, IRQs 2, 8, 0, 0, 0, 0, 0, 0, 0, 0, 0, 0, 0, 0, 0, 0
[    0.985454] hpet0: 16 comparators, 64-bit 14.318180 MHz counter
[    0.989596] amd_nb: Cannot enumerate AMD northbridges
[    0.991495] Switched to clocksource hpet
[    1.047193] pnp: PnP ACPI init
[    1.048389] ACPI: bus type PNP registered
[    1.050164] system 00:00: [io  0x1000-0x103f] could not be reserved
[    1.053676] system 00:00: [io  0x1040-0x104f] has been reserved
[    1.055718] system 00:00: [io  0x0cf0-0x0cf1] has been reserved
[    1.057845] system 00:00: Plug and Play ACPI device, IDs PNP0c02 (active)
[    1.057935] pnp 00:01: Plug and Play ACPI device, IDs PNP0b00 (active)
[    1.057973] pnp 00:02: Plug and Play ACPI device, IDs PNP0303 (active)
[    1.058042] pnp 00:03: Plug and Play ACPI device, IDs VMW0003 PNP0f13 (active)
[    1.058217] system 00:04: [mem 0xfed00000-0xfed003ff] has been reserved
[    1.060713] system 00:04: Plug and Play ACPI device, IDs PNP0103 PNP0c01 (active)
[    1.062068] pnp 00:05: Plug and Play ACPI device, IDs PNP0501 (active)
[    1.062246] pnp 00:06: Plug and Play ACPI device, IDs PNP0501 (active)
[    1.062600] system 00:07: [io  0xfce0-0xfcff] has been reserved
[    1.064604] system 00:07: [mem 0xf0000000-0xf7ffffff] has been reserved
[    1.066849] system 00:07: [mem 0xfe800000-0xfe9fffff] has been reserved
[    1.069349] system 00:07: Plug and Play ACPI device, IDs PNP0c02 (active)
[    1.075354] pnp: PnP ACPI: found 8 devices
[    1.076908] ACPI: bus type PNP unregistered
[    1.095229] pci 0000:00:15.3: bridge window [io  0x1000-0x0fff] to [bus 06] add_size 1000
[    1.095304] pci 0000:00:15.4: bridge window [io  0x1000-0x0fff] to [bus 07] add_size 1000
[    1.095377] pci 0000:00:15.5: bridge window [io  0x1000-0x0fff] to [bus 08] add_size 1000
[    1.095449] pci 0000:00:15.6: bridge window [io  0x1000-0x0fff] to [bus 09] add_size 1000
[    1.095550] pci 0000:00:15.7: bridge window [io  0x1000-0x0fff] to [bus 0a] add_size 1000
[    1.095889] pci 0000:00:16.3: bridge window [io  0x1000-0x0fff] to [bus 0e] add_size 1000
[    1.095960] pci 0000:00:16.4: bridge window [io  0x1000-0x0fff] to [bus 0f] add_size 1000
[    1.096043] pci 0000:00:16.5: bridge window [io  0x1000-0x0fff] to [bus 10] add_size 1000
[    1.096178] pci 0000:00:16.6: bridge window [io  0x1000-0x0fff] to [bus 11] add_size 1000
[    1.096660] pci 0000:00:16.7: bridge window [io  0x1000-0x0fff] to [bus 12] add_size 1000
[    1.096965] pci 0000:00:17.3: bridge window [io  0x1000-0x0fff] to [bus 16] add_size 1000
[    1.097049] pci 0000:00:17.4: bridge window [io  0x1000-0x0fff] to [bus 17] add_size 1000
[    1.097120] pci 0000:00:17.5: bridge window [io  0x1000-0x0fff] to [bus 18] add_size 1000
[    1.097192] pci 0000:00:17.6: bridge window [io  0x1000-0x0fff] to [bus 19] add_size 1000
[    1.097263] pci 0000:00:17.7: bridge window [io  0x1000-0x0fff] to [bus 1a] add_size 1000
[    1.097476] pci 0000:00:18.2: bridge window [io  0x1000-0x0fff] to [bus 1d] add_size 1000
[    1.097612] pci 0000:00:18.3: bridge window [io  0x1000-0x0fff] to [bus 1e] add_size 1000
[    1.097742] pci 0000:00:18.4: bridge window [io  0x1000-0x0fff] to [bus 1f] add_size 1000
[    1.098158] pci 0000:00:18.5: bridge window [io  0x1000-0x0fff] to [bus 20] add_size 1000
[    1.098237] pci 0000:00:18.6: bridge window [io  0x1000-0x0fff] to [bus 21] add_size 1000
[    1.098313] pci 0000:00:18.7: bridge window [io  0x1000-0x0fff] to [bus 22] add_size 1000
[    1.098331] pci 0000:00:15.3: res[13]=[io  0x1000-0x0fff] res_to_dev_res add_size 1000 min_align 1000
[    1.098332] pci 0000:00:15.3: res[13]=[io  0x1000-0x1fff] res_to_dev_res add_size 1000 min_align 1000
[    1.098333] pci 0000:00:15.4: res[13]=[io  0x1000-0x0fff] res_to_dev_res add_size 1000 min_align 1000
[    1.098334] pci 0000:00:15.4: res[13]=[io  0x1000-0x1fff] res_to_dev_res add_size 1000 min_align 1000
[    1.098335] pci 0000:00:15.5: res[13]=[io  0x1000-0x0fff] res_to_dev_res add_size 1000 min_align 1000
[    1.098336] pci 0000:00:15.5: res[13]=[io  0x1000-0x1fff] res_to_dev_res add_size 1000 min_align 1000
[    1.098337] pci 0000:00:15.6: res[13]=[io  0x1000-0x0fff] res_to_dev_res add_size 1000 min_align 1000
[    1.098338] pci 0000:00:15.6: res[13]=[io  0x1000-0x1fff] res_to_dev_res add_size 1000 min_align 1000
[    1.098339] pci 0000:00:15.7: res[13]=[io  0x1000-0x0fff] res_to_dev_res add_size 1000 min_align 1000
[    1.098340] pci 0000:00:15.7: res[13]=[io  0x1000-0x1fff] res_to_dev_res add_size 1000 min_align 1000
[    1.098341] pci 0000:00:16.3: res[13]=[io  0x1000-0x0fff] res_to_dev_res add_size 1000 min_align 1000
[    1.098341] pci 0000:00:16.3: res[13]=[io  0x1000-0x1fff] res_to_dev_res add_size 1000 min_align 1000
[    1.098342] pci 0000:00:16.4: res[13]=[io  0x1000-0x0fff] res_to_dev_res add_size 1000 min_align 1000
[    1.098343] pci 0000:00:16.4: res[13]=[io  0x1000-0x1fff] res_to_dev_res add_size 1000 min_align 1000
[    1.098344] pci 0000:00:16.5: res[13]=[io  0x1000-0x0fff] res_to_dev_res add_size 1000 min_align 1000
[    1.098345] pci 0000:00:16.5: res[13]=[io  0x1000-0x1fff] res_to_dev_res add_size 1000 min_align 1000
[    1.098346] pci 0000:00:16.6: res[13]=[io  0x1000-0x0fff] res_to_dev_res add_size 1000 min_align 1000
[    1.098347] pci 0000:00:16.6: res[13]=[io  0x1000-0x1fff] res_to_dev_res add_size 1000 min_align 1000
[    1.098348] pci 0000:00:16.7: res[13]=[io  0x1000-0x0fff] res_to_dev_res add_size 1000 min_align 1000
[    1.098349] pci 0000:00:16.7: res[13]=[io  0x1000-0x1fff] res_to_dev_res add_size 1000 min_align 1000
[    1.098349] pci 0000:00:17.3: res[13]=[io  0x1000-0x0fff] res_to_dev_res add_size 1000 min_align 1000
[    1.098350] pci 0000:00:17.3: res[13]=[io  0x1000-0x1fff] res_to_dev_res add_size 1000 min_align 1000
[    1.098351] pci 0000:00:17.4: res[13]=[io  0x1000-0x0fff] res_to_dev_res add_size 1000 min_align 1000
[    1.098352] pci 0000:00:17.4: res[13]=[io  0x1000-0x1fff] res_to_dev_res add_size 1000 min_align 1000
[    1.098353] pci 0000:00:17.5: res[13]=[io  0x1000-0x0fff] res_to_dev_res add_size 1000 min_align 1000
[    1.098354] pci 0000:00:17.5: res[13]=[io  0x1000-0x1fff] res_to_dev_res add_size 1000 min_align 1000
[    1.098355] pci 0000:00:17.6: res[13]=[io  0x1000-0x0fff] res_to_dev_res add_size 1000 min_align 1000
[    1.098356] pci 0000:00:17.6: res[13]=[io  0x1000-0x1fff] res_to_dev_res add_size 1000 min_align 1000
[    1.098357] pci 0000:00:17.7: res[13]=[io  0x1000-0x0fff] res_to_dev_res add_size 1000 min_align 1000
[    1.098357] pci 0000:00:17.7: res[13]=[io  0x1000-0x1fff] res_to_dev_res add_size 1000 min_align 1000
[    1.098358] pci 0000:00:18.2: res[13]=[io  0x1000-0x0fff] res_to_dev_res add_size 1000 min_align 1000
[    1.098359] pci 0000:00:18.2: res[13]=[io  0x1000-0x1fff] res_to_dev_res add_size 1000 min_align 1000
[    1.098360] pci 0000:00:18.3: res[13]=[io  0x1000-0x0fff] res_to_dev_res add_size 1000 min_align 1000
[    1.098361] pci 0000:00:18.3: res[13]=[io  0x1000-0x1fff] res_to_dev_res add_size 1000 min_align 1000
[    1.098362] pci 0000:00:18.4: res[13]=[io  0x1000-0x0fff] res_to_dev_res add_size 1000 min_align 1000
[    1.098363] pci 0000:00:18.4: res[13]=[io  0x1000-0x1fff] res_to_dev_res add_size 1000 min_align 1000
[    1.098364] pci 0000:00:18.5: res[13]=[io  0x1000-0x0fff] res_to_dev_res add_size 1000 min_align 1000
[    1.098364] pci 0000:00:18.5: res[13]=[io  0x1000-0x1fff] res_to_dev_res add_size 1000 min_align 1000
[    1.098365] pci 0000:00:18.6: res[13]=[io  0x1000-0x0fff] res_to_dev_res add_size 1000 min_align 1000
[    1.098366] pci 0000:00:18.6: res[13]=[io  0x1000-0x1fff] res_to_dev_res add_size 1000 min_align 1000
[    1.098367] pci 0000:00:18.7: res[13]=[io  0x1000-0x0fff] res_to_dev_res add_size 1000 min_align 1000
[    1.098368] pci 0000:00:18.7: res[13]=[io  0x1000-0x1fff] res_to_dev_res add_size 1000 min_align 1000
[    1.098373] pci 0000:00:0f.0: BAR 6: assigned [mem 0xc0000000-0xc0007fff pref]
[    1.101708] pci 0000:00:10.0: BAR 6: assigned [mem 0xc0008000-0xc000bfff pref]
[    1.104817] pci 0000:00:15.3: BAR 13: no space for [io  size 0x1000]
[    1.107177] pci 0000:00:15.3: BAR 13: failed to assign [io  size 0x1000]
[    1.109590] pci 0000:00:15.4: BAR 13: no space for [io  size 0x1000]
[    1.111815] pci 0000:00:15.4: BAR 13: failed to assign [io  size 0x1000]
[    1.114180] pci 0000:00:15.5: BAR 13: no space for [io  size 0x1000]
[    1.116326] pci 0000:00:15.5: BAR 13: failed to assign [io  size 0x1000]
[    1.120530] pci 0000:00:15.6: BAR 13: no space for [io  size 0x1000]
[    1.122710] pci 0000:00:15.6: BAR 13: failed to assign [io  size 0x1000]
[    1.125115] pci 0000:00:15.7: BAR 13: no space for [io  size 0x1000]
[    1.127429] pci 0000:00:15.7: BAR 13: failed to assign [io  size 0x1000]
[    1.129648] pci 0000:00:16.3: BAR 13: no space for [io  size 0x1000]
[    1.132161] pci 0000:00:16.3: BAR 13: failed to assign [io  size 0x1000]
[    1.134693] pci 0000:00:16.4: BAR 13: no space for [io  size 0x1000]
[    1.137677] pci 0000:00:16.4: BAR 13: failed to assign [io  size 0x1000]
[    1.140223] pci 0000:00:16.5: BAR 13: no space for [io  size 0x1000]
[    1.144432] pci 0000:00:16.5: BAR 13: failed to assign [io  size 0x1000]
[    1.147252] pci 0000:00:16.6: BAR 13: no space for [io  size 0x1000]
[    1.149553] pci 0000:00:16.6: BAR 13: failed to assign [io  size 0x1000]
[    1.152846] pci 0000:00:16.7: BAR 13: no space for [io  size 0x1000]
[    1.155484] pci 0000:00:16.7: BAR 13: failed to assign [io  size 0x1000]
[    1.158045] pci 0000:00:17.3: BAR 13: no space for [io  size 0x1000]
[    1.161433] pci 0000:00:17.3: BAR 13: failed to assign [io  size 0x1000]
[    1.163977] pci 0000:00:17.4: BAR 13: no space for [io  size 0x1000]
[    1.166240] pci 0000:00:17.4: BAR 13: failed to assign [io  size 0x1000]
[    1.168859] pci 0000:00:17.5: BAR 13: no space for [io  size 0x1000]
[    1.171288] pci 0000:00:17.5: BAR 13: failed to assign [io  size 0x1000]
[    1.173626] pci 0000:00:17.6: BAR 13: no space for [io  size 0x1000]
[    1.175952] pci 0000:00:17.6: BAR 13: failed to assign [io  size 0x1000]
[    1.178186] pci 0000:00:17.7: BAR 13: no space for [io  size 0x1000]
[    1.183952] pci 0000:00:17.7: BAR 13: failed to assign [io  size 0x1000]
[    1.186704] pci 0000:00:18.2: BAR 13: no space for [io  size 0x1000]
[    1.188979] pci 0000:00:18.2: BAR 13: failed to assign [io  size 0x1000]
[    1.191319] pci 0000:00:18.3: BAR 13: no space for [io  size 0x1000]
[    1.194505] pci 0000:00:18.3: BAR 13: failed to assign [io  size 0x1000]
[    1.196967] pci 0000:00:18.4: BAR 13: no space for [io  size 0x1000]
[    1.199125] pci 0000:00:18.4: BAR 13: failed to assign [io  size 0x1000]
[    1.201557] pci 0000:00:18.5: BAR 13: no space for [io  size 0x1000]
[    1.204301] pci 0000:00:18.5: BAR 13: failed to assign [io  size 0x1000]
[    1.207034] pci 0000:00:18.6: BAR 13: no space for [io  size 0x1000]
[    1.209402] pci 0000:00:18.6: BAR 13: failed to assign [io  size 0x1000]
[    1.211911] pci 0000:00:18.7: BAR 13: no space for [io  size 0x1000]
[    1.214223] pci 0000:00:18.7: BAR 13: failed to assign [io  size 0x1000]
[    1.216683] pci 0000:00:18.7: BAR 13: no space for [io  size 0x1000]
[    1.219673] pci 0000:00:18.7: BAR 13: failed to assign [io  size 0x1000]
[    1.222041] pci 0000:00:18.6: BAR 13: no space for [io  size 0x1000]
[    1.224398] pci 0000:00:18.6: BAR 13: failed to assign [io  size 0x1000]
[    1.228120] pci 0000:00:18.5: BAR 13: no space for [io  size 0x1000]
[    1.230334] pci 0000:00:18.5: BAR 13: failed to assign [io  size 0x1000]
[    1.232861] pci 0000:00:18.4: BAR 13: no space for [io  size 0x1000]
[    1.235300] pci 0000:00:18.4: BAR 13: failed to assign [io  size 0x1000]
[    1.237796] pci 0000:00:18.3: BAR 13: no space for [io  size 0x1000]
[    1.240266] pci 0000:00:18.3: BAR 13: failed to assign [io  size 0x1000]
[    1.243551] pci 0000:00:18.2: BAR 13: no space for [io  size 0x1000]
[    1.245706] pci 0000:00:18.2: BAR 13: failed to assign [io  size 0x1000]
[    1.248248] pci 0000:00:17.7: BAR 13: no space for [io  size 0x1000]
[    1.250597] pci 0000:00:17.7: BAR 13: failed to assign [io  size 0x1000]
[    1.253464] pci 0000:00:17.6: BAR 13: no space for [io  size 0x1000]
[    1.256462] pci 0000:00:17.6: BAR 13: failed to assign [io  size 0x1000]
[    1.258821] pci 0000:00:17.5: BAR 13: no space for [io  size 0x1000]
[    1.261063] pci 0000:00:17.5: BAR 13: failed to assign [io  size 0x1000]
[    1.263499] pci 0000:00:17.4: BAR 13: no space for [io  size 0x1000]
[    1.265961] pci 0000:00:17.4: BAR 13: failed to assign [io  size 0x1000]
[    1.268465] pci 0000:00:17.3: BAR 13: no space for [io  size 0x1000]
[    1.272786] pci 0000:00:17.3: BAR 13: failed to assign [io  size 0x1000]
[    1.275138] pci 0000:00:16.7: BAR 13: no space for [io  size 0x1000]
[    1.277447] pci 0000:00:16.7: BAR 13: failed to assign [io  size 0x1000]
[    1.279880] pci 0000:00:16.6: BAR 13: no space for [io  size 0x1000]
[    1.282000] pci 0000:00:16.6: BAR 13: failed to assign [io  size 0x1000]
[    1.284911] pci 0000:00:16.5: BAR 13: no space for [io  size 0x1000]
[    1.287449] pci 0000:00:16.5: BAR 13: failed to assign [io  size 0x1000]
[    1.289851] pci 0000:00:16.4: BAR 13: no space for [io  size 0x1000]
[    1.292163] pci 0000:00:16.4: BAR 13: failed to assign [io  size 0x1000]
[    1.294533] pci 0000:00:16.3: BAR 13: no space for [io  size 0x1000]
[    1.296804] pci 0000:00:16.3: BAR 13: failed to assign [io  size 0x1000]
[    1.299701] pci 0000:00:15.7: BAR 13: no space for [io  size 0x1000]
[    1.303243] pci 0000:00:15.7: BAR 13: failed to assign [io  size 0x1000]
[    1.305657] pci 0000:00:15.6: BAR 13: no space for [io  size 0x1000]
[    1.307868] pci 0000:00:15.6: BAR 13: failed to assign [io  size 0x1000]
[    1.310559] pci 0000:00:15.5: BAR 13: no space for [io  size 0x1000]
[    1.312901] pci 0000:00:15.5: BAR 13: failed to assign [io  size 0x1000]
[    1.315316] pci 0000:00:15.4: BAR 13: no space for [io  size 0x1000]
[    1.318874] pci 0000:00:15.4: BAR 13: failed to assign [io  size 0x1000]
[    1.321533] pci 0000:00:15.3: BAR 13: no space for [io  size 0x1000]
[    1.324423] pci 0000:00:15.3: BAR 13: failed to assign [io  size 0x1000]
[    1.326807] pci 0000:00:01.0: PCI bridge to [bus 01]
[    1.328667] pci 0000:02:01.0: BAR 6: assigned [mem 0xfd500000-0xfd50ffff pref]
[    1.331458] pci 0000:00:11.0: PCI bridge to [bus 02]
[    1.333444] pci 0000:00:11.0:   bridge window [io  0x2000-0x3fff]
[    1.336194] pci 0000:00:11.0:   bridge window [mem 0xfd500000-0xfdffffff]
[    1.338588] pci 0000:00:11.0:   bridge window [mem 0xe7b00000-0xe7ffffff 64bit pref]
[    1.341481] pci 0000:00:15.0: PCI bridge to [bus 03]
[    1.343468] pci 0000:00:15.0:   bridge window [io  0x4000-0x4fff]
[    1.345746] pci 0000:00:15.0:   bridge window [mem 0xfd400000-0xfd4fffff]
[    1.350273] pci 0000:00:15.0:   bridge window [mem 0xe7a00000-0xe7afffff 64bit pref]
[    1.353874] pci 0000:00:15.1: PCI bridge to [bus 04]
[    1.355944] pci 0000:00:15.1:   bridge window [io  0x8000-0x8fff]
[    1.358219] pci 0000:00:15.1:   bridge window [mem 0xfd000000-0xfd0fffff]
[    1.360622] pci 0000:00:15.1:   bridge window [mem 0xe7600000-0xe76fffff 64bit pref]
[    1.365889] pci 0000:00:15.2: PCI bridge to [bus 05]
[    1.367826] pci 0000:00:15.2:   bridge window [io  0xc000-0xcfff]
[    1.371420] pci 0000:00:15.2:   bridge window [mem 0xfcc00000-0xfccfffff]
[    1.374438] pci 0000:00:15.2:   bridge window [mem 0xe7200000-0xe72fffff 64bit pref]
[    1.377575] pci 0000:00:15.3: PCI bridge to [bus 06]
[    1.380536] pci 0000:00:15.3:   bridge window [mem 0xfc800000-0xfc8fffff]
[    1.383563] pci 0000:00:15.3:   bridge window [mem 0xe6e00000-0xe6efffff 64bit pref]
[    1.387376] pci 0000:00:15.4: PCI bridge to [bus 07]
[    1.389358] pci 0000:00:15.4:   bridge window [mem 0xfc400000-0xfc4fffff]
[    1.392249] pci 0000:00:15.4:   bridge window [mem 0xe6a00000-0xe6afffff 64bit pref]
[    1.396190] pci 0000:00:15.5: PCI bridge to [bus 08]
[    1.398923] pci 0000:00:15.5:   bridge window [mem 0xfc000000-0xfc0fffff]
[    1.402721] pci 0000:00:15.5:   bridge window [mem 0xe6600000-0xe66fffff 64bit pref]
[    1.405907] pci 0000:00:15.6: PCI bridge to [bus 09]
[    1.407933] pci 0000:00:15.6:   bridge window [mem 0xfbc00000-0xfbcfffff]
[    1.412434] pci 0000:00:15.6:   bridge window [mem 0xe6200000-0xe62fffff 64bit pref]
[    1.415948] pci 0000:00:15.7: PCI bridge to [bus 0a]
[    1.418630] pci 0000:00:15.7:   bridge window [mem 0xfb800000-0xfb8fffff]
[    1.421535] pci 0000:00:15.7:   bridge window [mem 0xe5e00000-0xe5efffff 64bit pref]
[    1.424867] pci 0000:00:16.0: PCI bridge to [bus 0b]
[    1.426789] pci 0000:00:16.0:   bridge window [io  0x5000-0x5fff]
[    1.429276] pci 0000:00:16.0:   bridge window [mem 0xfd300000-0xfd3fffff]
[    1.433640] pci 0000:00:16.0:   bridge window [mem 0xe7900000-0xe79fffff 64bit pref]
[    1.437267] pci 0000:00:16.1: PCI bridge to [bus 0c]
[    1.440038] pci 0000:00:16.1:   bridge window [io  0x9000-0x9fff]
[    1.443135] pci 0000:00:16.1:   bridge window [mem 0xfcf00000-0xfcffffff]
[    1.445895] pci 0000:00:16.1:   bridge window [mem 0xe7500000-0xe75fffff 64bit pref]
[    1.449571] pci 0000:00:16.2: PCI bridge to [bus 0d]
[    1.452423] pci 0000:00:16.2:   bridge window [io  0xd000-0xdfff]
[    1.455714] pci 0000:00:16.2:   bridge window [mem 0xfcb00000-0xfcbfffff]
[    1.459062] pci 0000:00:16.2:   bridge window [mem 0xe7100000-0xe71fffff 64bit pref]
[    1.462798] pci 0000:00:16.3: PCI bridge to [bus 0e]
[    1.464795] pci 0000:00:16.3:   bridge window [mem 0xfc700000-0xfc7fffff]
[    1.467229] pci 0000:00:16.3:   bridge window [mem 0xe6d00000-0xe6dfffff 64bit pref]
[    1.470910] pci 0000:00:16.4: PCI bridge to [bus 0f]
[    1.473879] pci 0000:00:16.4:   bridge window [mem 0xfc300000-0xfc3fffff]
[    1.476428] pci 0000:00:16.4:   bridge window [mem 0xe6900000-0xe69fffff 64bit pref]
[    1.479843] pci 0000:00:16.5: PCI bridge to [bus 10]
[    1.482220] pci 0000:00:16.5:   bridge window [mem 0xfbf00000-0xfbffffff]
[    1.484681] pci 0000:00:16.5:   bridge window [mem 0xe6500000-0xe65fffff 64bit pref]
[    1.488415] pci 0000:00:16.6: PCI bridge to [bus 11]
[    1.491198] pci 0000:00:16.6:   bridge window [mem 0xfbb00000-0xfbbfffff]
[    1.494889] pci 0000:00:16.6:   bridge window [mem 0xe6100000-0xe61fffff 64bit pref]
[    1.498594] pci 0000:00:16.7: PCI bridge to [bus 12]
[    1.500451] pci 0000:00:16.7:   bridge window [mem 0xfb700000-0xfb7fffff]
[    1.504578] pci 0000:00:16.7:   bridge window [mem 0xe5d00000-0xe5dfffff 64bit pref]
[    1.508270] pci 0000:00:17.0: PCI bridge to [bus 13]
[    1.510484] pci 0000:00:17.0:   bridge window [io  0x6000-0x6fff]
[    1.513571] pci 0000:00:17.0:   bridge window [mem 0xfd200000-0xfd2fffff]
[    1.515977] pci 0000:00:17.0:   bridge window [mem 0xe7800000-0xe78fffff 64bit pref]
[    1.519769] pci 0000:00:17.1: PCI bridge to [bus 14]
[    1.523818] pci 0000:00:17.1:   bridge window [io  0xa000-0xafff]
[    1.526655] pci 0000:00:17.1:   bridge window [mem 0xfce00000-0xfcefffff]
[    1.529210] pci 0000:00:17.1:   bridge window [mem 0xe7400000-0xe74fffff 64bit pref]
[    1.532891] pci 0000:00:17.2: PCI bridge to [bus 15]
[    1.535860] pci 0000:00:17.2:   bridge window [io  0xe000-0xefff]
[    1.538416] pci 0000:00:17.2:   bridge window [mem 0xfca00000-0xfcafffff]
[    1.541916] pci 0000:00:17.2:   bridge window [mem 0xe7000000-0xe70fffff 64bit pref]
[    1.545881] pci 0000:00:17.3: PCI bridge to [bus 16]
[    1.548114] pci 0000:00:17.3:   bridge window [mem 0xfc600000-0xfc6fffff]
[    1.550718] pci 0000:00:17.3:   bridge window [mem 0xe6c00000-0xe6cfffff 64bit pref]
[    1.557409] pci 0000:00:17.4: PCI bridge to [bus 17]
[    1.560241] pci 0000:00:17.4:   bridge window [mem 0xfc200000-0xfc2fffff]
[    1.562933] pci 0000:00:17.4:   bridge window [mem 0xe6800000-0xe68fffff 64bit pref]
[    1.566423] pci 0000:00:17.5: PCI bridge to [bus 18]
[    1.569000] pci 0000:00:17.5:   bridge window [mem 0xfbe00000-0xfbefffff]
[    1.571971] pci 0000:00:17.5:   bridge window [mem 0xe6400000-0xe64fffff 64bit pref]
[    1.574920] pci 0000:00:17.6: PCI bridge to [bus 19]
[    1.577465] pci 0000:00:17.6:   bridge window [mem 0xfba00000-0xfbafffff]
[    1.579998] pci 0000:00:17.6:   bridge window [mem 0xe6000000-0xe60fffff 64bit pref]
[    1.585389] pci 0000:00:17.7: PCI bridge to [bus 1a]
[    1.587875] pci 0000:00:17.7:   bridge window [mem 0xfb600000-0xfb6fffff]
[    1.590880] pci 0000:00:17.7:   bridge window [mem 0xe5c00000-0xe5cfffff 64bit pref]
[    1.593911] pci 0000:00:18.0: PCI bridge to [bus 1b]
[    1.595896] pci 0000:00:18.0:   bridge window [io  0x7000-0x7fff]
[    1.598736] pci 0000:00:18.0:   bridge window [mem 0xfd100000-0xfd1fffff]
[    1.603146] pci 0000:00:18.0:   bridge window [mem 0xe7700000-0xe77fffff 64bit pref]
[    1.606103] pci 0000:00:18.1: PCI bridge to [bus 1c]
[    1.608487] pci 0000:00:18.1:   bridge window [io  0xb000-0xbfff]
[    1.611202] pci 0000:00:18.1:   bridge window [mem 0xfcd00000-0xfcdfffff]
[    1.613731] pci 0000:00:18.1:   bridge window [mem 0xe7300000-0xe73fffff 64bit pref]
[    1.616662] pci 0000:00:18.2: PCI bridge to [bus 1d]
[    1.619676] pci 0000:00:18.2:   bridge window [mem 0xfc900000-0xfc9fffff]
[    1.626942] pci 0000:00:18.2:   bridge window [mem 0xe6f00000-0xe6ffffff 64bit pref]
[    1.631654] pci 0000:00:18.3: PCI bridge to [bus 1e]
[    1.633627] pci 0000:00:18.3:   bridge window [mem 0xfc500000-0xfc5fffff]
[    1.636583] pci 0000:00:18.3:   bridge window [mem 0xe6b00000-0xe6bfffff 64bit pref]
[    1.640081] pci 0000:00:18.4: PCI bridge to [bus 1f]
[    1.642362] pci 0000:00:18.4:   bridge window [mem 0xfc100000-0xfc1fffff]
[    1.645784] pci 0000:00:18.4:   bridge window [mem 0xe6700000-0xe67fffff 64bit pref]
[    1.649446] pci 0000:00:18.5: PCI bridge to [bus 20]
[    1.651733] pci 0000:00:18.5:   bridge window [mem 0xfbd00000-0xfbdfffff]
[    1.654573] pci 0000:00:18.5:   bridge window [mem 0xe6300000-0xe63fffff 64bit pref]
[    1.657732] pci 0000:00:18.6: PCI bridge to [bus 21]
[    1.659804] pci 0000:00:18.6:   bridge window [mem 0xfb900000-0xfb9fffff]
[    1.662612] pci 0000:00:18.6:   bridge window [mem 0xe5f00000-0xe5ffffff 64bit pref]
[    1.666424] pci 0000:00:18.7: PCI bridge to [bus 22]
[    1.668621] pci 0000:00:18.7:   bridge window [mem 0xfb500000-0xfb5fffff]
[    1.672556] pci 0000:00:18.7:   bridge window [mem 0xe5b00000-0xe5bfffff 64bit pref]
[    1.676821] pci_bus 0000:00: resource 4 [mem 0x000a0000-0x000bffff window]
[    1.676823] pci_bus 0000:00: resource 5 [mem 0x000cc000-0x000cffff window]
[    1.676824] pci_bus 0000:00: resource 6 [mem 0x000d0000-0x000d3fff window]
[    1.676825] pci_bus 0000:00: resource 7 [mem 0x000d4000-0x000d7fff window]
[    1.676826] pci_bus 0000:00: resource 8 [mem 0x000d8000-0x000dbfff window]
[    1.676827] pci_bus 0000:00: resource 9 [mem 0xc0000000-0xfebfffff window]
[    1.676828] pci_bus 0000:00: resource 10 [io  0x0000-0x0cf7 window]
[    1.676829] pci_bus 0000:00: resource 11 [io  0x0d00-0xfeff window]
[    1.676831] pci_bus 0000:02: resource 0 [io  0x2000-0x3fff]
[    1.676831] pci_bus 0000:02: resource 1 [mem 0xfd500000-0xfdffffff]
[    1.676832] pci_bus 0000:02: resource 2 [mem 0xe7b00000-0xe7ffffff 64bit pref]
[    1.676833] pci_bus 0000:02: resource 4 [mem 0x000a0000-0x000bffff window]
[    1.676834] pci_bus 0000:02: resource 5 [mem 0x000cc000-0x000cffff window]
[    1.676835] pci_bus 0000:02: resource 6 [mem 0x000d0000-0x000d3fff window]
[    1.676835] pci_bus 0000:02: resource 7 [mem 0x000d4000-0x000d7fff window]
[    1.676836] pci_bus 0000:02: resource 8 [mem 0x000d8000-0x000dbfff window]
[    1.676837] pci_bus 0000:02: resource 9 [mem 0xc0000000-0xfebfffff window]
[    1.676838] pci_bus 0000:02: resource 10 [io  0x0000-0x0cf7 window]
[    1.676839] pci_bus 0000:02: resource 11 [io  0x0d00-0xfeff window]
[    1.676840] pci_bus 0000:03: resource 0 [io  0x4000-0x4fff]
[    1.676840] pci_bus 0000:03: resource 1 [mem 0xfd400000-0xfd4fffff]
[    1.676841] pci_bus 0000:03: resource 2 [mem 0xe7a00000-0xe7afffff 64bit pref]
[    1.676842] pci_bus 0000:04: resource 0 [io  0x8000-0x8fff]
[    1.676843] pci_bus 0000:04: resource 1 [mem 0xfd000000-0xfd0fffff]
[    1.676844] pci_bus 0000:04: resource 2 [mem 0xe7600000-0xe76fffff 64bit pref]
[    1.676855] pci_bus 0000:05: resource 0 [io  0xc000-0xcfff]
[    1.676856] pci_bus 0000:05: resource 1 [mem 0xfcc00000-0xfccfffff]
[    1.676857] pci_bus 0000:05: resource 2 [mem 0xe7200000-0xe72fffff 64bit pref]
[    1.676858] pci_bus 0000:06: resource 1 [mem 0xfc800000-0xfc8fffff]
[    1.676858] pci_bus 0000:06: resource 2 [mem 0xe6e00000-0xe6efffff 64bit pref]
[    1.676859] pci_bus 0000:07: resource 1 [mem 0xfc400000-0xfc4fffff]
[    1.676877] pci_bus 0000:07: resource 2 [mem 0xe6a00000-0xe6afffff 64bit pref]
[    1.676878] pci_bus 0000:08: resource 1 [mem 0xfc000000-0xfc0fffff]
[    1.676878] pci_bus 0000:08: resource 2 [mem 0xe6600000-0xe66fffff 64bit pref]
[    1.676880] pci_bus 0000:09: resource 1 [mem 0xfbc00000-0xfbcfffff]
[    1.676880] pci_bus 0000:09: resource 2 [mem 0xe6200000-0xe62fffff 64bit pref]
[    1.676881] pci_bus 0000:0a: resource 1 [mem 0xfb800000-0xfb8fffff]
[    1.676882] pci_bus 0000:0a: resource 2 [mem 0xe5e00000-0xe5efffff 64bit pref]
[    1.676883] pci_bus 0000:0b: resource 0 [io  0x5000-0x5fff]
[    1.676884] pci_bus 0000:0b: resource 1 [mem 0xfd300000-0xfd3fffff]
[    1.676885] pci_bus 0000:0b: resource 2 [mem 0xe7900000-0xe79fffff 64bit pref]
[    1.676886] pci_bus 0000:0c: resource 0 [io  0x9000-0x9fff]
[    1.676886] pci_bus 0000:0c: resource 1 [mem 0xfcf00000-0xfcffffff]
[    1.676887] pci_bus 0000:0c: resource 2 [mem 0xe7500000-0xe75fffff 64bit pref]
[    1.676888] pci_bus 0000:0d: resource 0 [io  0xd000-0xdfff]
[    1.676889] pci_bus 0000:0d: resource 1 [mem 0xfcb00000-0xfcbfffff]
[    1.676890] pci_bus 0000:0d: resource 2 [mem 0xe7100000-0xe71fffff 64bit pref]
[    1.676891] pci_bus 0000:0e: resource 1 [mem 0xfc700000-0xfc7fffff]
[    1.676891] pci_bus 0000:0e: resource 2 [mem 0xe6d00000-0xe6dfffff 64bit pref]
[    1.676892] pci_bus 0000:0f: resource 1 [mem 0xfc300000-0xfc3fffff]
[    1.676893] pci_bus 0000:0f: resource 2 [mem 0xe6900000-0xe69fffff 64bit pref]
[    1.676894] pci_bus 0000:10: resource 1 [mem 0xfbf00000-0xfbffffff]
[    1.676895] pci_bus 0000:10: resource 2 [mem 0xe6500000-0xe65fffff 64bit pref]
[    1.676896] pci_bus 0000:11: resource 1 [mem 0xfbb00000-0xfbbfffff]
[    1.676897] pci_bus 0000:11: resource 2 [mem 0xe6100000-0xe61fffff 64bit pref]
[    1.676898] pci_bus 0000:12: resource 1 [mem 0xfb700000-0xfb7fffff]
[    1.676898] pci_bus 0000:12: resource 2 [mem 0xe5d00000-0xe5dfffff 64bit pref]
[    1.676900] pci_bus 0000:13: resource 0 [io  0x6000-0x6fff]
[    1.676900] pci_bus 0000:13: resource 1 [mem 0xfd200000-0xfd2fffff]
[    1.676917] pci_bus 0000:13: resource 2 [mem 0xe7800000-0xe78fffff 64bit pref]
[    1.676919] pci_bus 0000:14: resource 0 [io  0xa000-0xafff]
[    1.676919] pci_bus 0000:14: resource 1 [mem 0xfce00000-0xfcefffff]
[    1.676920] pci_bus 0000:14: resource 2 [mem 0xe7400000-0xe74fffff 64bit pref]
[    1.676921] pci_bus 0000:15: resource 0 [io  0xe000-0xefff]
[    1.676922] pci_bus 0000:15: resource 1 [mem 0xfca00000-0xfcafffff]
[    1.676923] pci_bus 0000:15: resource 2 [mem 0xe7000000-0xe70fffff 64bit pref]
[    1.676924] pci_bus 0000:16: resource 1 [mem 0xfc600000-0xfc6fffff]
[    1.676924] pci_bus 0000:16: resource 2 [mem 0xe6c00000-0xe6cfffff 64bit pref]
[    1.676925] pci_bus 0000:17: resource 1 [mem 0xfc200000-0xfc2fffff]
[    1.676926] pci_bus 0000:17: resource 2 [mem 0xe6800000-0xe68fffff 64bit pref]
[    1.676927] pci_bus 0000:18: resource 1 [mem 0xfbe00000-0xfbefffff]
[    1.676928] pci_bus 0000:18: resource 2 [mem 0xe6400000-0xe64fffff 64bit pref]
[    1.676928] pci_bus 0000:19: resource 1 [mem 0xfba00000-0xfbafffff]
[    1.676929] pci_bus 0000:19: resource 2 [mem 0xe6000000-0xe60fffff 64bit pref]
[    1.676930] pci_bus 0000:1a: resource 1 [mem 0xfb600000-0xfb6fffff]
[    1.676931] pci_bus 0000:1a: resource 2 [mem 0xe5c00000-0xe5cfffff 64bit pref]
[    1.676932] pci_bus 0000:1b: resource 0 [io  0x7000-0x7fff]
[    1.676933] pci_bus 0000:1b: resource 1 [mem 0xfd100000-0xfd1fffff]
[    1.676934] pci_bus 0000:1b: resource 2 [mem 0xe7700000-0xe77fffff 64bit pref]
[    1.676934] pci_bus 0000:1c: resource 0 [io  0xb000-0xbfff]
[    1.676935] pci_bus 0000:1c: resource 1 [mem 0xfcd00000-0xfcdfffff]
[    1.676936] pci_bus 0000:1c: resource 2 [mem 0xe7300000-0xe73fffff 64bit pref]
[    1.676937] pci_bus 0000:1d: resource 1 [mem 0xfc900000-0xfc9fffff]
[    1.676938] pci_bus 0000:1d: resource 2 [mem 0xe6f00000-0xe6ffffff 64bit pref]
[    1.676938] pci_bus 0000:1e: resource 1 [mem 0xfc500000-0xfc5fffff]
[    1.676939] pci_bus 0000:1e: resource 2 [mem 0xe6b00000-0xe6bfffff 64bit pref]
[    1.676940] pci_bus 0000:1f: resource 1 [mem 0xfc100000-0xfc1fffff]
[    1.676941] pci_bus 0000:1f: resource 2 [mem 0xe6700000-0xe67fffff 64bit pref]
[    1.676942] pci_bus 0000:20: resource 1 [mem 0xfbd00000-0xfbdfffff]
[    1.676943] pci_bus 0000:20: resource 2 [mem 0xe6300000-0xe63fffff 64bit pref]
[    1.676944] pci_bus 0000:21: resource 1 [mem 0xfb900000-0xfb9fffff]
[    1.676945] pci_bus 0000:21: resource 2 [mem 0xe5f00000-0xe5ffffff 64bit pref]
[    1.676946] pci_bus 0000:22: resource 1 [mem 0xfb500000-0xfb5fffff]
[    1.676946] pci_bus 0000:22: resource 2 [mem 0xe5b00000-0xe5bfffff 64bit pref]
[    1.677033] NET: Registered protocol family 2
[    1.682081] TCP established hash table entries: 8192 (order: 4, 65536 bytes)
[    1.685547] TCP bind hash table entries: 8192 (order: 5, 131072 bytes)
[    1.689464] TCP: Hash tables configured (established 8192 bind 8192)
[    1.693485] TCP: reno registered
[    1.695728] UDP hash table entries: 512 (order: 2, 16384 bytes)
[    1.698031] UDP-Lite hash table entries: 512 (order: 2, 16384 bytes)
[    1.703956] NET: Registered protocol family 1
[    1.706860] pci 0000:00:00.0: Limiting direct PCI/PCI transfers
[    1.709167] pci 0000:00:0f.0: Boot video device
[    1.710341] PCI: CLS mismatch (32 != 64), using 64 bytes
[    1.711201] Unpacking initramfs...
[    2.807811] Freeing initrd memory: 30888k freed
[    2.812284] RAPL PMU: API unit is 2^-32 Joules, 5 fixed counters, 10737418240 ms ovfl timer
[    2.815262] RAPL PMU: hw unit of domain pp0-core 2^-0 Joules
[    2.818986] RAPL PMU: hw unit of domain package 2^-0 Joules
[    2.820931] RAPL PMU: hw unit of domain dram 2^-0 Joules
[    2.822868] RAPL PMU: hw unit of domain pp1-gpu 2^-0 Joules
[    2.825399] RAPL PMU: hw unit of domain psys 2^-0 Joules
[    2.827609] Simple Boot Flag at 0x36 set to 0x80
[    2.830383] Switched to clocksource tsc
[    2.833015] sha1_ssse3: Using AVX2 optimized SHA-1 implementation
[    2.835750] sha256_ssse3: Using AVX2 optimized SHA-256 implementation
[    2.841718] futex hash table entries: 32768 (order: 9, 2097152 bytes)
[    2.854493] Initialise system trusted keyring
[    2.856195] audit: initializing netlink socket (disabled)
[    2.858271] type=2000 audit(1567669260.469:1): initialized
[    2.883564] HugeTLB registered 1 GB page size, pre-allocated 0 pages
[    2.886254] HugeTLB registered 2 MB page size, pre-allocated 0 pages
[    2.890009] zpool: loaded
[    2.891086] zbud: loaded
[    2.892246] VFS: Disk quotas dquot_6.5.2
[    2.893681] Dquot-cache hash table entries: 512 (order 0, 4096 bytes)
[    2.897107] msgmni has been set to 1942
[    2.898764] Key type big_key registered
[    2.900199] SELinux:  Registering netfilter hooks
[    2.901257] NET: Registered protocol family 38
[    2.903569] Key type asymmetric registered
[    2.905193] Asymmetric key parser 'x509' registered
[    2.906960] Block layer SCSI generic (bsg) driver version 0.4 loaded (major 248)
[    2.910833] io scheduler noop registered
[    2.912499] io scheduler deadline registered (default)
[    2.914353] io scheduler cfq registered
[    2.915744] io scheduler mq-deadline registered
[    2.917439] io scheduler kyber registered
[    2.920296] pcieport 0000:00:15.0: irq 24 for MSI/MSI-X
[    2.921128] pcieport 0000:00:15.1: irq 25 for MSI/MSI-X
[    2.921830] pcieport 0000:00:15.2: irq 26 for MSI/MSI-X
[    2.922589] pcieport 0000:00:15.3: irq 27 for MSI/MSI-X
[    2.923292] pcieport 0000:00:15.4: irq 28 for MSI/MSI-X
[    2.924020] pcieport 0000:00:15.5: irq 29 for MSI/MSI-X
[    2.924734] pcieport 0000:00:15.6: irq 30 for MSI/MSI-X
[    2.925425] pcieport 0000:00:15.7: irq 31 for MSI/MSI-X
[    2.926173] pcieport 0000:00:16.0: irq 32 for MSI/MSI-X
[    2.926996] pcieport 0000:00:16.1: irq 33 for MSI/MSI-X
[    2.927897] pcieport 0000:00:16.2: irq 34 for MSI/MSI-X
[    2.929305] pcieport 0000:00:16.3: irq 35 for MSI/MSI-X
[    2.930473] pcieport 0000:00:16.4: irq 36 for MSI/MSI-X
[    2.931337] pcieport 0000:00:16.5: irq 37 for MSI/MSI-X
[    2.932311] pcieport 0000:00:16.6: irq 38 for MSI/MSI-X
[    2.933068] pcieport 0000:00:16.7: irq 39 for MSI/MSI-X
[    2.933770] pcieport 0000:00:17.0: irq 40 for MSI/MSI-X
[    2.934575] pcieport 0000:00:17.1: irq 41 for MSI/MSI-X
[    2.936001] pcieport 0000:00:17.2: irq 42 for MSI/MSI-X
[    2.936883] pcieport 0000:00:17.3: irq 43 for MSI/MSI-X
[    2.937659] pcieport 0000:00:17.4: irq 44 for MSI/MSI-X
[    2.938398] pcieport 0000:00:17.5: irq 45 for MSI/MSI-X
[    2.939090] pcieport 0000:00:17.6: irq 46 for MSI/MSI-X
[    2.940164] pcieport 0000:00:17.7: irq 47 for MSI/MSI-X
[    2.941527] pcieport 0000:00:18.0: irq 48 for MSI/MSI-X
[    2.942278] pcieport 0000:00:18.1: irq 49 for MSI/MSI-X
[    2.943123] pcieport 0000:00:18.2: irq 50 for MSI/MSI-X
[    2.944023] pcieport 0000:00:18.3: irq 51 for MSI/MSI-X
[    2.944729] pcieport 0000:00:18.4: irq 52 for MSI/MSI-X
[    2.945508] pcieport 0000:00:18.5: irq 53 for MSI/MSI-X
[    2.946238] pcieport 0000:00:18.6: irq 54 for MSI/MSI-X
[    2.947092] pcieport 0000:00:18.7: irq 55 for MSI/MSI-X
[    2.947732] pcieport 0000:00:15.0: Signaling PME through PCIe PME interrupt
[    2.950241] pcie_pme 0000:00:15.0:pcie001: service driver pcie_pme loaded
[    2.950431] pcieport 0000:00:15.1: Signaling PME through PCIe PME interrupt
[    2.953546] pcie_pme 0000:00:15.1:pcie001: service driver pcie_pme loaded
[    2.953695] pcieport 0000:00:15.2: Signaling PME through PCIe PME interrupt
[    2.956066] pcie_pme 0000:00:15.2:pcie001: service driver pcie_pme loaded
[    2.956195] pcieport 0000:00:15.3: Signaling PME through PCIe PME interrupt
[    2.959740] pcie_pme 0000:00:15.3:pcie001: service driver pcie_pme loaded
[    2.959942] pcieport 0000:00:15.4: Signaling PME through PCIe PME interrupt
[    2.962627] pcie_pme 0000:00:15.4:pcie001: service driver pcie_pme loaded
[    2.962811] pcieport 0000:00:15.5: Signaling PME through PCIe PME interrupt
[    2.965385] pcie_pme 0000:00:15.5:pcie001: service driver pcie_pme loaded
[    2.965531] pcieport 0000:00:15.6: Signaling PME through PCIe PME interrupt
[    2.968292] pcie_pme 0000:00:15.6:pcie001: service driver pcie_pme loaded
[    2.968451] pcieport 0000:00:15.7: Signaling PME through PCIe PME interrupt
[    2.971358] pcie_pme 0000:00:15.7:pcie001: service driver pcie_pme loaded
[    2.971712] pcieport 0000:00:16.0: Signaling PME through PCIe PME interrupt
[    2.977227] pcie_pme 0000:00:16.0:pcie001: service driver pcie_pme loaded
[    2.977373] pcieport 0000:00:16.1: Signaling PME through PCIe PME interrupt
[    2.979844] pcie_pme 0000:00:16.1:pcie001: service driver pcie_pme loaded
[    2.979981] pcieport 0000:00:16.2: Signaling PME through PCIe PME interrupt
[    2.982601] pcie_pme 0000:00:16.2:pcie001: service driver pcie_pme loaded
[    2.982742] pcieport 0000:00:16.3: Signaling PME through PCIe PME interrupt
[    2.985374] pcie_pme 0000:00:16.3:pcie001: service driver pcie_pme loaded
[    2.985787] pcieport 0000:00:16.4: Signaling PME through PCIe PME interrupt
[    2.988243] pcie_pme 0000:00:16.4:pcie001: service driver pcie_pme loaded
[    2.988395] pcieport 0000:00:16.5: Signaling PME through PCIe PME interrupt
[    2.992790] pcie_pme 0000:00:16.5:pcie001: service driver pcie_pme loaded
[    2.993055] pcieport 0000:00:16.6: Signaling PME through PCIe PME interrupt
[    2.995541] pcie_pme 0000:00:16.6:pcie001: service driver pcie_pme loaded
[    2.995675] pcieport 0000:00:16.7: Signaling PME through PCIe PME interrupt
[    2.998277] pcie_pme 0000:00:16.7:pcie001: service driver pcie_pme loaded
[    2.998460] pcieport 0000:00:17.0: Signaling PME through PCIe PME interrupt
[    3.000989] pcie_pme 0000:00:17.0:pcie001: service driver pcie_pme loaded
[    3.001122] pcieport 0000:00:17.1: Signaling PME through PCIe PME interrupt
[    3.004687] pcie_pme 0000:00:17.1:pcie001: service driver pcie_pme loaded
[    3.004966] pcieport 0000:00:17.2: Signaling PME through PCIe PME interrupt
[    3.007408] pcie_pme 0000:00:17.2:pcie001: service driver pcie_pme loaded
[    3.007554] pcieport 0000:00:17.3: Signaling PME through PCIe PME interrupt
[    3.010025] pcie_pme 0000:00:17.3:pcie001: service driver pcie_pme loaded
[    3.010157] pcieport 0000:00:17.4: Signaling PME through PCIe PME interrupt
[    3.012807] pcie_pme 0000:00:17.4:pcie001: service driver pcie_pme loaded
[    3.012958] pcieport 0000:00:17.5: Signaling PME through PCIe PME interrupt
[    3.015526] pcie_pme 0000:00:17.5:pcie001: service driver pcie_pme loaded
[    3.015659] pcieport 0000:00:17.6: Signaling PME through PCIe PME interrupt
[    3.018164] pcie_pme 0000:00:17.6:pcie001: service driver pcie_pme loaded
[    3.018583] pcieport 0000:00:17.7: Signaling PME through PCIe PME interrupt
[    3.022618] pcie_pme 0000:00:17.7:pcie001: service driver pcie_pme loaded
[    3.022891] pcieport 0000:00:18.0: Signaling PME through PCIe PME interrupt
[    3.025474] pcie_pme 0000:00:18.0:pcie001: service driver pcie_pme loaded
[    3.025652] pcieport 0000:00:18.1: Signaling PME through PCIe PME interrupt
[    3.028148] pcie_pme 0000:00:18.1:pcie001: service driver pcie_pme loaded
[    3.028278] pcieport 0000:00:18.2: Signaling PME through PCIe PME interrupt
[    3.030906] pcie_pme 0000:00:18.2:pcie001: service driver pcie_pme loaded
[    3.031039] pcieport 0000:00:18.3: Signaling PME through PCIe PME interrupt
[    3.034192] pcie_pme 0000:00:18.3:pcie001: service driver pcie_pme loaded
[    3.034370] pcieport 0000:00:18.4: Signaling PME through PCIe PME interrupt
[    3.037988] pcie_pme 0000:00:18.4:pcie001: service driver pcie_pme loaded
[    3.038138] pcieport 0000:00:18.5: Signaling PME through PCIe PME interrupt
[    3.040630] pcie_pme 0000:00:18.5:pcie001: service driver pcie_pme loaded
[    3.040764] pcieport 0000:00:18.6: Signaling PME through PCIe PME interrupt
[    3.043323] pcie_pme 0000:00:18.6:pcie001: service driver pcie_pme loaded
[    3.043471] pcieport 0000:00:18.7: Signaling PME through PCIe PME interrupt
[    3.046081] pcie_pme 0000:00:18.7:pcie001: service driver pcie_pme loaded
[    3.046134] pci_hotplug: PCI Hot Plug PCI Core version: 0.5
